Archive member included to satisfy reference by file (symbol)

/usr/lib/gcc/arm-none-eabi/13.2.1/../../../arm-none-eabi/lib/thumb/v7-m/nofp/libc_nano.a(libc_a-init.o)
                              /usr/lib/gcc/arm-none-eabi/13.2.1/../../../arm-none-eabi/lib/thumb/v7-m/nofp/crt0.o (__libc_init_array)
/usr/lib/gcc/arm-none-eabi/13.2.1/../../../arm-none-eabi/lib/thumb/v7-m/nofp/libc_nano.a(libc_a-memset.o)
                              /usr/lib/gcc/arm-none-eabi/13.2.1/../../../arm-none-eabi/lib/thumb/v7-m/nofp/crt0.o (memset)
/usr/lib/gcc/arm-none-eabi/13.2.1/../../../arm-none-eabi/lib/thumb/v7-m/nofp/libc_nano.a(libc_a-exit.o)
                              /usr/lib/gcc/arm-none-eabi/13.2.1/../../../arm-none-eabi/lib/thumb/v7-m/nofp/crt0.o (exit)
/usr/lib/gcc/arm-none-eabi/13.2.1/../../../arm-none-eabi/lib/thumb/v7-m/nofp/libc_nano.a(libc_a-atexit.o)
                              /usr/lib/gcc/arm-none-eabi/13.2.1/../../../arm-none-eabi/lib/thumb/v7-m/nofp/crt0.o (atexit)
/usr/lib/gcc/arm-none-eabi/13.2.1/../../../arm-none-eabi/lib/thumb/v7-m/nofp/libc_nano.a(libc_a-fini.o)
                              /usr/lib/gcc/arm-none-eabi/13.2.1/../../../arm-none-eabi/lib/thumb/v7-m/nofp/crt0.o (__libc_fini_array)
/usr/lib/gcc/arm-none-eabi/13.2.1/../../../arm-none-eabi/lib/thumb/v7-m/nofp/libc_nano.a(libc_a-findfp.o)
                              /usr/lib/gcc/arm-none-eabi/13.2.1/../../../arm-none-eabi/lib/thumb/v7-m/nofp/libc_nano.a(libc_a-exit.o) (__stdio_exit_handler)
/usr/lib/gcc/arm-none-eabi/13.2.1/../../../arm-none-eabi/lib/thumb/v7-m/nofp/libc_nano.a(libc_a-fflush.o)
                              /usr/lib/gcc/arm-none-eabi/13.2.1/../../../arm-none-eabi/lib/thumb/v7-m/nofp/libc_nano.a(libc_a-findfp.o) (_fflush_r)
/usr/lib/gcc/arm-none-eabi/13.2.1/../../../arm-none-eabi/lib/thumb/v7-m/nofp/libc_nano.a(libc_a-mallocr.o)
                              /usr/lib/gcc/arm-none-eabi/13.2.1/../../../arm-none-eabi/lib/thumb/v7-m/nofp/libc_nano.a(libc_a-findfp.o) (_malloc_r)
/usr/lib/gcc/arm-none-eabi/13.2.1/../../../arm-none-eabi/lib/thumb/v7-m/nofp/libc_nano.a(libc_a-freer.o)
                              /usr/lib/gcc/arm-none-eabi/13.2.1/../../../arm-none-eabi/lib/thumb/v7-m/nofp/libc_nano.a(libc_a-fflush.o) (_free_r)
/usr/lib/gcc/arm-none-eabi/13.2.1/../../../arm-none-eabi/lib/thumb/v7-m/nofp/libc_nano.a(libc_a-fwalk.o)
                              /usr/lib/gcc/arm-none-eabi/13.2.1/../../../arm-none-eabi/lib/thumb/v7-m/nofp/libc_nano.a(libc_a-findfp.o) (_fwalk_sglue)
/usr/lib/gcc/arm-none-eabi/13.2.1/../../../arm-none-eabi/lib/thumb/v7-m/nofp/libc_nano.a(libc_a-__atexit.o)
                              /usr/lib/gcc/arm-none-eabi/13.2.1/../../../arm-none-eabi/lib/thumb/v7-m/nofp/libc_nano.a(libc_a-atexit.o) (__register_exitproc)
/usr/lib/gcc/arm-none-eabi/13.2.1/../../../arm-none-eabi/lib/thumb/v7-m/nofp/libc_nano.a(libc_a-mlock.o)
                              /usr/lib/gcc/arm-none-eabi/13.2.1/../../../arm-none-eabi/lib/thumb/v7-m/nofp/libc_nano.a(libc_a-mallocr.o) (__malloc_lock)
/usr/lib/gcc/arm-none-eabi/13.2.1/../../../arm-none-eabi/lib/thumb/v7-m/nofp/libc_nano.a(libc_a-sbrkr.o)
                              /usr/lib/gcc/arm-none-eabi/13.2.1/../../../arm-none-eabi/lib/thumb/v7-m/nofp/libc_nano.a(libc_a-mallocr.o) (_sbrk_r)
/usr/lib/gcc/arm-none-eabi/13.2.1/../../../arm-none-eabi/lib/thumb/v7-m/nofp/libc_nano.a(libc_a-stdio.o)
                              /usr/lib/gcc/arm-none-eabi/13.2.1/../../../arm-none-eabi/lib/thumb/v7-m/nofp/libc_nano.a(libc_a-findfp.o) (__sread)
/usr/lib/gcc/arm-none-eabi/13.2.1/../../../arm-none-eabi/lib/thumb/v7-m/nofp/libc_nano.a(libc_a-impure.o)
                              /usr/lib/gcc/arm-none-eabi/13.2.1/../../../arm-none-eabi/lib/thumb/v7-m/nofp/libc_nano.a(libc_a-fflush.o) (_impure_ptr)
/usr/lib/gcc/arm-none-eabi/13.2.1/../../../arm-none-eabi/lib/thumb/v7-m/nofp/libc_nano.a(libc_a-closer.o)
                              /usr/lib/gcc/arm-none-eabi/13.2.1/../../../arm-none-eabi/lib/thumb/v7-m/nofp/libc_nano.a(libc_a-stdio.o) (_close_r)
/usr/lib/gcc/arm-none-eabi/13.2.1/../../../arm-none-eabi/lib/thumb/v7-m/nofp/libc_nano.a(libc_a-__call_atexit.o)
                              /usr/lib/gcc/arm-none-eabi/13.2.1/../../../arm-none-eabi/lib/thumb/v7-m/nofp/libc_nano.a(libc_a-__atexit.o) (__call_exitprocs)
/usr/lib/gcc/arm-none-eabi/13.2.1/../../../arm-none-eabi/lib/thumb/v7-m/nofp/libc_nano.a(libc_a-readr.o)
                              /usr/lib/gcc/arm-none-eabi/13.2.1/../../../arm-none-eabi/lib/thumb/v7-m/nofp/libc_nano.a(libc_a-stdio.o) (_read_r)
/usr/lib/gcc/arm-none-eabi/13.2.1/../../../arm-none-eabi/lib/thumb/v7-m/nofp/libc_nano.a(libc_a-reent.o)
                              /usr/lib/gcc/arm-none-eabi/13.2.1/../../../arm-none-eabi/lib/thumb/v7-m/nofp/libc_nano.a(libc_a-sbrkr.o) (errno)
/usr/lib/gcc/arm-none-eabi/13.2.1/../../../arm-none-eabi/lib/thumb/v7-m/nofp/libc_nano.a(libc_a-lseekr.o)
[...]
Memory Configuration

Name             Origin             Length             Attributes
RAM              0x20000000         0x00005000         xrw
FLASH            0x08000000         0x00010000         xr
*default*        0x00000000         0xffffffff

Linker script and memory map

LOAD /usr/lib/gcc/arm-none-eabi/13.2.1/thumb/v7-m/nofp/crti.o
LOAD /usr/lib/gcc/arm-none-eabi/13.2.1/thumb/v7-m/nofp/crtbegin.o
LOAD /usr/lib/gcc/arm-none-eabi/13.2.1/../../../arm-none-eabi/lib/thumb/v7-m/nofp/crt0.o
START GROUP
LOAD /usr/lib/gcc/arm-none-eabi/13.2.1/../../../arm-none-eabi/lib/thumb/v7-m/nofp/libc_nano.a
LOAD /usr/lib/gcc/arm-none-eabi/13.2.1/../../../arm-none-eabi/lib/thumb/v7-m/nofp/libm.a
END GROUP
LOAD CMakeFiles/Quadcopter_RemoteControl.dir/Common/Src/Com_Config.c.obj
LOAD CMakeFiles/Quadcopter_RemoteControl.dir/Common/Src/Com_Debug.c.obj
LOAD CMakeFiles/Quadcopter_RemoteControl.dir/Inf/Src/Inf_IP5305T.c.obj
LOAD CMakeFiles/Quadcopter_RemoteControl.dir/Inf/Src/Inf_SI24R1.c.obj
LOAD CMakeFiles/Quadcopter_RemoteControl.dir/Inf/Src/Inf_JoyStick_Key.c.obj
LOAD CMakeFiles/Quadcopter_RemoteControl.dir/App/Src/App_Communication.c.obj
LOAD CMakeFiles/Quadcopter_RemoteControl.dir/App/Src/App_DataProcess.c.obj
LOAD CMakeFiles/Quadcopter_RemoteControl.dir/Core/Src/main.c.obj
LOAD CMakeFiles/Quadcopter_RemoteControl.dir/Core/Src/gpio.c.obj
LOAD CMakeFiles/Quadcopter_RemoteControl.dir/Core/Src/freertos.c.obj
LOAD CMakeFiles/Quadcopter_RemoteControl.dir/Core/Src/adc.c.obj
LOAD CMakeFiles/Quadcopter_RemoteControl.dir/Core/Src/dma.c.obj
LOAD CMakeFiles/Quadcopter_RemoteControl.dir/Core/Src/spi.c.obj
LOAD CMakeFiles/Quadcopter_RemoteControl.dir/Core/Src/usart.c.obj
LOAD CMakeFiles/Quadcopter_RemoteControl.dir/Core/Src/stm32f1xx_it.c.obj
LOAD CMakeFiles/Quadcopter_RemoteControl.dir/Core/Src/stm32f1xx_hal_msp.c.obj
LOAD CMakeFiles/Quadcopter_RemoteControl.dir/Core/Src/sysmem.c.obj
LOAD CMakeFiles/Quadcopter_RemoteControl.dir/Core/Src/syscalls.c.obj
LOAD CMakeFiles/Quadcopter_RemoteControl.dir/startup_stm32f103xb.s.obj
LOAD cmake/stm32cubemx/CMakeFiles/STM32_Drivers.dir/__/__/Core/Src/system_stm32f1xx.c.obj
LOAD cmake/stm32cubemx/CMakeFiles/STM32_Drivers.dir/__/__/Drivers/STM32F1xx_HAL_Driver/Src/stm32f1xx_hal_gpio_ex.c.obj
LOAD cmake/stm32cubemx/CMakeFiles/STM32_Drivers.dir/__/__/Drivers/STM32F1xx_HAL_Driver/Src/stm32f1xx_hal_adc.c.obj
LOAD cmake/stm32cubemx/CMakeFiles/STM32_Drivers.dir/__/__/Drivers/STM32F1xx_HAL_Driver/Src/stm32f1xx_hal_adc_ex.c.obj
LOAD cmake/stm32cubemx/CMakeFiles/STM32_Drivers.dir/__/__/Drivers/STM32F1xx_HAL_Driver/Src/stm32f1xx_hal.c.obj
LOAD cmake/stm32cubemx/CMakeFiles/STM32_Drivers.dir/__/__/Drivers/STM32F1xx_HAL_Driver/Src/stm32f1xx_hal_rcc.c.obj
LOAD cmake/stm32cubemx/CMakeFiles/STM32_Drivers.dir/__/__/Drivers/STM32F1xx_HAL_Driver/Src/stm32f1xx_hal_rcc_ex.c.obj
LOAD cmake/stm32cubemx/CMakeFiles/STM32_Drivers.dir/__/__/Drivers/STM32F1xx_HAL_Driver/Src/stm32f1xx_hal_gpio.c.obj
LOAD cmake/stm32cubemx/CMakeFiles/STM32_Drivers.dir/__/__/Drivers/STM32F1xx_HAL_Driver/Src/stm32f1xx_hal_dma.c.obj
LOAD cmake/stm32cubemx/CMakeFiles/STM32_Drivers.dir/__/__/Drivers/STM32F1xx_HAL_Driver/Src/stm32f1xx_hal_cortex.c.obj
LOAD cmake/stm32cubemx/CMakeFiles/STM32_Drivers.dir/__/__/Drivers/STM32F1xx_HAL_Driver/Src/stm32f1xx_hal_pwr.c.obj
LOAD cmake/stm32cubemx/CMakeFiles/STM32_Drivers.dir/__/__/Drivers/STM32F1xx_HAL_Driver/Src/stm32f1xx_hal_flash.c.obj
LOAD cmake/stm32cubemx/CMakeFiles/STM32_Drivers.dir/__/__/Drivers/STM32F1xx_HAL_Driver/Src/stm32f1xx_hal_flash_ex.c.obj
LOAD cmake/stm32cubemx/CMakeFiles/STM32_Drivers.dir/__/__/Drivers/STM32F1xx_HAL_Driver/Src/stm32f1xx_hal_exti.c.obj
LOAD cmake/stm32cubemx/CMakeFiles/STM32_Drivers.dir/__/__/Drivers/STM32F1xx_HAL_Driver/Src/stm32f1xx_hal_spi.c.obj
LOAD cmake/stm32cubemx/CMakeFiles/STM32_Drivers.dir/__/__/Drivers/STM32F1xx_HAL_Driver/Src/stm32f1xx_hal_uart.c.obj
LOAD cmake/stm32cubemx/CMakeFiles/FreeRTOS.dir/__/__/Middlewares/Third_Party/FreeRTOS/Source/croutine.c.obj
LOAD cmake/stm32cubemx/CMakeFiles/FreeRTOS.dir/__/__/Middlewares/Third_Party/FreeRTOS/Source/event_groups.c.obj
LOAD cmake/stm32cubemx/CMakeFiles/FreeRTOS.dir/__/__/Middlewares/Third_Party/FreeRTOS/Source/list.c.obj
LOAD cmake/stm32cubemx/CMakeFiles/FreeRTOS.dir/__/__/Middlewares/Third_Party/FreeRTOS/Source/queue.c.obj
LOAD cmake/stm32cubemx/CMakeFiles/FreeRTOS.dir/__/__/Middlewares/Third_Party/FreeRTOS/Source/stream_buffer.c.obj
LOAD cmake/stm32cubemx/CMakeFiles/FreeRTOS.dir/__/__/Middlewares/Third_Party/FreeRTOS/Source/tasks.c.obj
LOAD cmake/stm32cubemx/CMakeFiles/FreeRTOS.dir/__/__/Middlewares/Third_Party/FreeRTOS/Source/timers.c.obj
LOAD cmake/stm32cubemx/CMakeFiles/FreeRTOS.dir/__/__/Middlewares/Third_Party/FreeRTOS/Source/CMSIS_RTOS_V2/cmsis_os2.c.obj
LOAD cmake/stm32cubemx/CMakeFiles/FreeRTOS.dir/__/__/Middlewares/Third_Party/FreeRTOS/Source/portable/MemMang/heap_4.c.obj
LOAD cmake/stm32cubemx/CMakeFiles/FreeRTOS.dir/__/__/Middlewares/Third_Party/FreeRTOS/Source/portable/GCC/ARM_CM3/port.c.obj
START GROUP
LOAD /usr/lib/gcc/arm-none-eabi/13.2.1/thumb/v7-m/nofp/libgcc.a
LOAD /usr/lib/gcc/arm-none-eabi/13.2.1/../../../arm-none-eabi/lib/thumb/v7-m/nofp/libg_nano.a
LOAD /usr/lib/gcc/arm-none-eabi/13.2.1/../../../arm-none-eabi/lib/thumb/v7-m/nofp/libc_nano.a
END GROUP
START GROUP
LOAD /usr/lib/gcc/arm-none-eabi/13.2.1/thumb/v7-m/nofp/libgcc.a
LOAD /usr/lib/gcc/arm-none-eabi/13.2.1/../../../arm-none-eabi/lib/thumb/v7-m/nofp/libc_nano.a
END GROUP
LOAD /usr/lib/gcc/arm-none-eabi/13.2.1/thumb/v7-m/nofp/crtend.o
LOAD /usr/lib/gcc/arm-none-eabi/13.2.1/thumb/v7-m/nofp/crtn.o
                0x20005000                        _estack = (ORIGIN (RAM) + LENGTH (RAM))
                0x00000200                        _Min_Heap_Size = 0x200
                0x00000800                        _Min_Stack_Size = 0x800

.isr_vector     0x08000000      0x10c
                0x08000000                        . = ALIGN (0x4)
 *(.isr_vector)
 .isr_vector    0x08000000      0x10c CMakeFiles/Quadcopter_RemoteControl.dir/startup_stm32f103xb.s.obj
                0x08000000                g_pfnVectors
                0x0800010c                        . = ALIGN (0x4)

.text           0x08000110     0x8568
                0x08000110                        . = ALIGN (0x4)
 *(.text)
 .text          0x08000110       0x88 /usr/lib/gcc/arm-none-eabi/13.2.1/thumb/v7-m/nofp/crtbegin.o
 .text          0x08000198       0x50 /usr/lib/gcc/arm-none-eabi/13.2.1/../../../arm-none-eabi/lib/thumb/v7-m/nofp/libc_nano.a(libc_a-init.o)
                0x08000198                __libc_init_array
 .text          0x080001e8       0xa0 /usr/lib/gcc/arm-none-eabi/13.2.1/../../../arm-none-eabi/lib/thumb/v7-m/nofp/libc_nano.a(libc_a-memset.o)
                0x080001e8                memset
 .text          0x08000288      0x224 /usr/lib/gcc/arm-none-eabi/13.2.1/../../../arm-none-eabi/lib/thumb/v7-m/nofp/libc_nano.a(libc_a-findfp.o)
                0x080003b8                __sfp
                0x0800045c                __sinit
                0x0800047c                __sfp_lock_acquire
                0x08000480                __sfp_lock_release
                0x08000484                __fp_lock_all
                0x08000498                __fp_unlock_all
 .text          0x080004ac      0x198 /usr/lib/gcc/arm-none-eabi/13.2.1/../../../arm-none-eabi/lib/thumb/v7-m/nofp/libc_nano.a(libc_a-fflush.o)
                0x080004ac                __sflush_r
                0x080005c0                _fflush_r
                0x080005f8                fflush
 .text          0x08000644      0x14c /usr/lib/gcc/arm-none-eabi/13.2.1/../../../arm-none-eabi/lib/thumb/v7-m/nofp/libc_nano.a(libc_a-mallocr.o)
                0x08000690                _malloc_r
 .text          0x08000790       0xbc /usr/lib/gcc/arm-none-eabi/13.2.1/../../../arm-none-eabi/lib/thumb/v7-m/nofp/libc_nano.a(libc_a-freer.o)
                0x08000790                _free_r
 .text          0x0800084c       0x44 /usr/lib/gcc/arm-none-eabi/13.2.1/../../../arm-none-eabi/lib/thumb/v7-m/nofp/libc_nano.a(libc_a-fwalk.o)
                0x0800084c                _fwalk_sglue
 .text          0x08000890        0x8 /usr/lib/gcc/arm-none-eabi/13.2.1/../../../arm-none-eabi/lib/thumb/v7-m/nofp/libc_nano.a(libc_a-mlock.o)
                0x08000890                __malloc_lock
                0x08000894                __malloc_unlock
 .text          0x08000898       0x24 /usr/lib/gcc/arm-none-eabi/13.2.1/../../../arm-none-eabi/lib/thumb/v7-m/nofp/libc_nano.a(libc_a-sbrkr.o)
                0x08000898                _sbrk_r
 .text          0x080008bc       0x94 /usr/lib/gcc/arm-none-eabi/13.2.1/../../../arm-none-eabi/lib/thumb/v7-m/nofp/libc_nano.a(libc_a-stdio.o)
                0x080008bc                __sread
                0x080008e0                __seofread
                0x080008e4                __swrite
                0x08000924                __sseek
                0x08000948                __sclose
 .text          0x08000950       0x24 /usr/lib/gcc/arm-none-eabi/13.2.1/../../../arm-none-eabi/lib/thumb/v7-m/nofp/libc_nano.a(libc_a-closer.o)
                0x08000950                _close_r
 .text          0x08000974       0x2c /usr/lib/gcc/arm-none-eabi/13.2.1/../../../arm-none-eabi/lib/thumb/v7-m/nofp/libc_nano.a(libc_a-readr.o)
                0x08000974                _read_r
 .text          0x080009a0       0x2c /usr/lib/gcc/arm-none-eabi/13.2.1/../../../arm-none-eabi/lib/thumb/v7-m/nofp/libc_nano.a(libc_a-lseekr.o)
                0x080009a0                _lseek_r
 .text          0x080009cc       0x2c /usr/lib/gcc/arm-none-eabi/13.2.1/../../../arm-none-eabi/lib/thumb/v7-m/nofp/libc_nano.a(libc_a-writer.o)
                0x080009cc                _write_r
 .text          0x080009f8        0xc /usr/lib/gcc/arm-none-eabi/13.2.1/../../../arm-none-eabi/lib/thumb/v7-m/nofp/libg_nano.a(libc_a-errno.o)
                0x080009f8                __errno
 .text          0x08000a04       0xec /usr/lib/gcc/arm-none-eabi/13.2.1/../../../arm-none-eabi/lib/thumb/v7-m/nofp/libg_nano.a(libc_a-memcpy.o)
                0x08000a04                memcpy
 .text          0x08000af0       0x48 /usr/lib/gcc/arm-none-eabi/13.2.1/../../../arm-none-eabi/lib/thumb/v7-m/nofp/libg_nano.a(libc_a-printf.o)
                0x08000af0                _printf_r
                0x08000af0                _iprintf_r
                0x08000b10                printf
                0x08000b10                iprintf
 .text          0x08000b38      0x2ec /usr/lib/gcc/arm-none-eabi/13.2.1/../../../arm-none-eabi/lib/thumb/v7-m/nofp/libg_nano.a(libc_a-nano-vfprintf.o)
                0x08000b60                __sfputs_r
                0x08000b90                __sprint_r
                0x08000bb0                _vfiprintf_r
                0x08000bb0                _vfprintf_r
                0x08000e08                vfiprintf
                0x08000e08                vfprintf
 .text          0x08000e24       0x9c /usr/lib/gcc/arm-none-eabi/13.2.1/../../../arm-none-eabi/lib/thumb/v7-m/nofp/libg_nano.a(libc_a-wbuf.o)
                0x08000e24                __swbuf_r
                0x08000eac                __swbuf
 .text          0x08000ec0      0x2ec /usr/lib/gcc/arm-none-eabi/13.2.1/../../../arm-none-eabi/lib/thumb/v7-m/nofp/libg_nano.a(libc_a-fvwrite.o)
                0x08000ec0                __sfvwrite_r
 .text          0x080011ac       0xfc /usr/lib/gcc/arm-none-eabi/13.2.1/../../../arm-none-eabi/lib/thumb/v7-m/nofp/libg_nano.a(libc_a-memmove.o)
                0x080011ac                memmove
 .text          0x080012a8       0xc4 /usr/lib/gcc/arm-none-eabi/13.2.1/../../../arm-none-eabi/lib/thumb/v7-m/nofp/libg_nano.a(libc_a-wsetup.o)
                0x080012a8                __swsetup_r
 .text          0x0800136c       0x64 /usr/lib/gcc/arm-none-eabi/13.2.1/../../../arm-none-eabi/lib/thumb/v7-m/nofp/libg_nano.a(libc_a-reallocr.o)
                0x0800136c                _realloc_r
 .text          0x080013d0      0x3a8 /usr/lib/gcc/arm-none-eabi/13.2.1/../../../arm-none-eabi/lib/thumb/v7-m/nofp/libg_nano.a(libc_a-nano-vfprintf_i.o)
                0x080013d0                _printf_common
                0x080014f4                _printf_i
 .text          0x08001778      0x110 /usr/lib/gcc/arm-none-eabi/13.2.1/../../../arm-none-eabi/lib/thumb/v7-m/nofp/libg_nano.a(libc_a-makebuf.o)
                0x08001778                __smakebuf_r
                0x0800183c                __swhatbuf_r
 .text          0x08001888       0x98 /usr/lib/gcc/arm-none-eabi/13.2.1/../../../arm-none-eabi/lib/thumb/v7-m/nofp/libg_nano.a(libc_a-memchr-stub.o)
                0x08001888                memchr
 .text          0x08001920       0x24 /usr/lib/gcc/arm-none-eabi/13.2.1/../../../arm-none-eabi/lib/thumb/v7-m/nofp/libg_nano.a(libc_a-isattyr.o)
                0x08001920                _isatty_r
 .text          0x08001944       0x10 /usr/lib/gcc/arm-none-eabi/13.2.1/../../../arm-none-eabi/lib/thumb/v7-m/nofp/libg_nano.a(libc_a-msizer.o)
                0x08001944                _malloc_usable_size_r
 .text          0x08001954       0x28 /usr/lib/gcc/arm-none-eabi/13.2.1/../../../arm-none-eabi/lib/thumb/v7-m/nofp/libg_nano.a(libc_a-fstatr.o)
                0x08001954                _fstat_r
 *(.text*)
 .text._write   0x0800197c       0x2c CMakeFiles/Quadcopter_RemoteControl.dir/Common/Src/Com_Debug.c.obj
                0x0800197c                _write
 .text.Inf_IP5305T_Press
                0x080019a8       0x2c CMakeFiles/Quadcopter_RemoteControl.dir/Inf/Src/Inf_IP5305T.c.obj
 .text.Inf_IP5305T_Open
                0x080019d4        0xc CMakeFiles/Quadcopter_RemoteControl.dir/Inf/Src/Inf_IP5305T.c.obj
                0x080019d4                Inf_IP5305T_Open
 .text.Inf_IP5305T_Close
                0x080019e0       0x18 CMakeFiles/Quadcopter_RemoteControl.dir/Inf/Src/Inf_IP5305T.c.obj
                0x080019e0                Inf_IP5305T_Close
 .text.Inf_SI24R1_Init
                0x080019f8       0x30 CMakeFiles/Quadcopter_RemoteControl.dir/Inf/Src/Inf_SI24R1.c.obj
                0x080019f8                Inf_SI24R1_Init
 .text.Inf_SI24R1_WriteReg
                0x08001a28       0x5c CMakeFiles/Quadcopter_RemoteControl.dir/Inf/Src/Inf_SI24R1.c.obj
                0x08001a28                Inf_SI24R1_WriteReg
 .text.Inf_SI24R1_WriteBuf
                0x08001a84       0x5c CMakeFiles/Quadcopter_RemoteControl.dir/Inf/Src/Inf_SI24R1.c.obj
                0x08001a84                Inf_SI24R1_WriteBuf
 .text.Inf_SI24R1_ReadReg
                0x08001ae0       0x54 CMakeFiles/Quadcopter_RemoteControl.dir/Inf/Src/Inf_SI24R1.c.obj
                0x08001ae0                Inf_SI24R1_ReadReg
 .text.Inf_SI24R1_ReadBuf
                0x08001b34       0x5c CMakeFiles/Quadcopter_RemoteControl.dir/Inf/Src/Inf_SI24R1.c.obj
                0x08001b34                Inf_SI24R1_ReadBuf
 .text.Inf_SI24R1_TX_Mode
                0x08001b90       0x68 CMakeFiles/Quadcopter_RemoteControl.dir/Inf/Src/Inf_SI24R1.c.obj
                0x08001b90                Inf_SI24R1_TX_Mode
 .text.Inf_SI24R1_TxPacket
                0x08001bf8       0x88 CMakeFiles/Quadcopter_RemoteControl.dir/Inf/Src/Inf_SI24R1.c.obj
                0x08001bf8                Inf_SI24R1_TxPacket
 .text.Inf_SI24R1_Check
                0x08001c80       0x84 CMakeFiles/Quadcopter_RemoteControl.dir/Inf/Src/Inf_SI24R1.c.obj
                0x08001c80                Inf_SI24R1_Check
 .text.Inf_JoyStickAndKey_Init
                0x08001d04       0x34 CMakeFiles/Quadcopter_RemoteControl.dir/Inf/Src/Inf_JoyStick_Key.c.obj
                0x08001d04                Inf_JoyStickAndKey_Init
 .text.Inf_JoyStickAndKey_JoyStickScan
                0x08001d38       0x3c CMakeFiles/Quadcopter_RemoteControl.dir/Inf/Src/Inf_JoyStick_Key.c.obj
                0x08001d38                Inf_JoyStickAndKey_JoyStickScan
 .text.Inf_JoyStickAndKey_KeyScan
                0x08001d74      0x1ac CMakeFiles/Quadcopter_RemoteControl.dir/Inf/Src/Inf_JoyStick_Key.c.obj
                0x08001d74                Inf_JoyStickAndKey_KeyScan
 .text.App_Communication_Start
                0x08001f20       0x44 CMakeFiles/Quadcopter_RemoteControl.dir/App/Src/App_Communication.c.obj
                0x08001f20                App_Communication_Start
 .text.App_Communication_SendJoyStickData
                0x08001f64      0x1b4 CMakeFiles/Quadcopter_RemoteControl.dir/App/Src/App_Communication.c.obj
                0x08001f64                App_Communication_SendJoyStickData
 .text.App_DataProcess_Start
                0x08002118        0xc CMakeFiles/Quadcopter_RemoteControl.dir/App/Src/App_DataProcess.c.obj
                0x08002118                App_DataProcess_Start
 .text.App_DataProcess_JoyStickDataTrasfer
                0x08002124       0xc4 CMakeFiles/Quadcopter_RemoteControl.dir/App/Src/App_DataProcess.c.obj
 .text.App_DataProcess_JoyStickDataProcess
                0x080021e8      0x118 CMakeFiles/Quadcopter_RemoteControl.dir/App/Src/App_DataProcess.c.obj
                0x080021e8                App_DataProcess_JoyStickDataProcess
 .text.App_DataProcess_JoyStickCalculateBias
                0x08002300      0x134 CMakeFiles/Quadcopter_RemoteControl.dir/App/Src/App_DataProcess.c.obj
 .text.App_DataProcess_KeyDataProcess
                0x08002434       0xcc CMakeFiles/Quadcopter_RemoteControl.dir/App/Src/App_DataProcess.c.obj
                0x08002434                App_DataProcess_KeyDataProcess
 .text.main     0x08002500       0x30 CMakeFiles/Quadcopter_RemoteControl.dir/Core/Src/main.c.obj
                0x08002500                main
 .text.SystemClock_Config
                0x08002530       0xb6 CMakeFiles/Quadcopter_RemoteControl.dir/Core/Src/main.c.obj
                0x08002530                SystemClock_Config
 .text.Error_Handler
                0x080025e6        0xc CMakeFiles/Quadcopter_RemoteControl.dir/Core/Src/main.c.obj
                0x080025e6                Error_Handler
 *fill*         0x080025f2        0x2 
 .text.MX_GPIO_Init
                0x080025f4      0x114 CMakeFiles/Quadcopter_RemoteControl.dir/Core/Src/gpio.c.obj
                0x080025f4                MX_GPIO_Init
 .text.MX_FREERTOS_Init
                0x08002708       0x60 CMakeFiles/Quadcopter_RemoteControl.dir/Core/Src/freertos.c.obj
                0x08002708                MX_FREERTOS_Init
 .text.startTask
                0x08002768       0xbc CMakeFiles/Quadcopter_RemoteControl.dir/Core/Src/freertos.c.obj
                0x08002768                startTask
 .text.powerTask
                0x08002824       0x44 CMakeFiles/Quadcopter_RemoteControl.dir/Core/Src/freertos.c.obj
                0x08002824                powerTask
 .text.communicationTask
                0x08002868       0x54 CMakeFiles/Quadcopter_RemoteControl.dir/Core/Src/freertos.c.obj
                0x08002868                communicationTask
 .text.keyTask  0x080028bc       0x48 CMakeFiles/Quadcopter_RemoteControl.dir/Core/Src/freertos.c.obj
                0x080028bc                keyTask
 .text.joyStickTask
                0x08002904       0x50 CMakeFiles/Quadcopter_RemoteControl.dir/Core/Src/freertos.c.obj
                0x08002904                joyStickTask
 .text.MX_ADC1_Init
                0x08002954       0xd4 CMakeFiles/Quadcopter_RemoteControl.dir/Core/Src/adc.c.obj
                0x08002954                MX_ADC1_Init
 .text.HAL_ADC_MspInit
                0x08002a28       0xd0 CMakeFiles/Quadcopter_RemoteControl.dir/Core/Src/adc.c.obj
                0x08002a28                HAL_ADC_MspInit
 .text.MX_DMA_Init
                0x08002af8       0x2c CMakeFiles/Quadcopter_RemoteControl.dir/Core/Src/dma.c.obj
                0x08002af8                MX_DMA_Init
 .text.MX_SPI1_Init
                0x08002b24       0x6c CMakeFiles/Quadcopter_RemoteControl.dir/Core/Src/spi.c.obj
                0x08002b24                MX_SPI1_Init
 .text.HAL_SPI_MspInit
                0x08002b90       0xb4 CMakeFiles/Quadcopter_RemoteControl.dir/Core/Src/spi.c.obj
                0x08002b90                HAL_SPI_MspInit
 .text.MX_USART1_UART_Init
                0x08002c44       0x54 CMakeFiles/Quadcopter_RemoteControl.dir/Core/Src/usart.c.obj
                0x08002c44                MX_USART1_UART_Init
 .text.HAL_UART_MspInit
                0x08002c98       0x98 CMakeFiles/Quadcopter_RemoteControl.dir/Core/Src/usart.c.obj
                0x08002c98                HAL_UART_MspInit
 .text.NMI_Handler
                0x08002d30        0x8 CMakeFiles/Quadcopter_RemoteControl.dir/Core/Src/stm32f1xx_it.c.obj
                0x08002d30                NMI_Handler
 .text.HardFault_Handler
                0x08002d38        0x8 CMakeFiles/Quadcopter_RemoteControl.dir/Core/Src/stm32f1xx_it.c.obj
                0x08002d38                HardFault_Handler
 .text.MemManage_Handler
                0x08002d40        0x8 CMakeFiles/Quadcopter_RemoteControl.dir/Core/Src/stm32f1xx_it.c.obj
                0x08002d40                MemManage_Handler
 .text.BusFault_Handler
                0x08002d48        0x8 CMakeFiles/Quadcopter_RemoteControl.dir/Core/Src/stm32f1xx_it.c.obj
                0x08002d48                BusFault_Handler
 .text.UsageFault_Handler
                0x08002d50        0x8 CMakeFiles/Quadcopter_RemoteControl.dir/Core/Src/stm32f1xx_it.c.obj
                0x08002d50                UsageFault_Handler
 .text.DebugMon_Handler
                0x08002d58        0xc CMakeFiles/Quadcopter_RemoteControl.dir/Core/Src/stm32f1xx_it.c.obj
                0x08002d58                DebugMon_Handler
 .text.SysTick_Handler
                0x08002d64       0x1a CMakeFiles/Quadcopter_RemoteControl.dir/Core/Src/stm32f1xx_it.c.obj
                0x08002d64                SysTick_Handler
 *fill*         0x08002d7e        0x2 
 .text.HAL_MspInit
                0x08002d80       0x70 CMakeFiles/Quadcopter_RemoteControl.dir/Core/Src/stm32f1xx_hal_msp.c.obj
                0x08002d80                HAL_MspInit
 .text._sbrk    0x08002df0       0x6c CMakeFiles/Quadcopter_RemoteControl.dir/Core/Src/sysmem.c.obj
                0x08002df0                _sbrk
 .text._read    0x08002e5c       0x3a CMakeFiles/Quadcopter_RemoteControl.dir/Core/Src/syscalls.c.obj
                0x08002e5c                _read
 .text._close   0x08002e96       0x16 CMakeFiles/Quadcopter_RemoteControl.dir/Core/Src/syscalls.c.obj
                0x08002e96                _close
 .text._fstat   0x08002eac       0x1e CMakeFiles/Quadcopter_RemoteControl.dir/Core/Src/syscalls.c.obj
                0x08002eac                _fstat
 .text._isatty  0x08002eca       0x14 CMakeFiles/Quadcopter_RemoteControl.dir/Core/Src/syscalls.c.obj
                0x08002eca                _isatty
 .text._lseek   0x08002ede       0x18 CMakeFiles/Quadcopter_RemoteControl.dir/Core/Src/syscalls.c.obj
                0x08002ede                _lseek
 *fill*         0x08002ef6        0x2 
 .text.Reset_Handler
                0x08002ef8       0x48 CMakeFiles/Quadcopter_RemoteControl.dir/startup_stm32f103xb.s.obj
                0x08002ef8                Reset_Handler
 .text.Default_Handler
                0x08002f40        0x2 CMakeFiles/Quadcopter_RemoteControl.dir/startup_stm32f103xb.s.obj
                0x08002f40                RTC_Alarm_IRQHandler
                0x08002f40                EXTI2_IRQHandler
                0x08002f40                TIM1_CC_IRQHandler
                0x08002f40                PVD_IRQHandler
                0x08002f40                EXTI3_IRQHandler
                0x08002f40                EXTI0_IRQHandler
                0x08002f40                I2C2_EV_IRQHandler
                0x08002f40                ADC1_2_IRQHandler
                0x08002f40                SPI1_IRQHandler
                0x08002f40                TAMPER_IRQHandler
                0x08002f40                DMA1_Channel4_IRQHandler
                0x08002f40                USART3_IRQHandler
                0x08002f40                RTC_IRQHandler
                0x08002f40                DMA1_Channel7_IRQHandler
                0x08002f40                CAN1_RX1_IRQHandler
                0x08002f40                TIM4_IRQHandler
                0x08002f40                I2C1_EV_IRQHandler
                0x08002f40                DMA1_Channel6_IRQHandler
                0x08002f40                TIM3_IRQHandler
                0x08002f40                RCC_IRQHandler
                0x08002f40                TIM1_TRG_COM_IRQHandler
                0x08002f40                DMA1_Channel1_IRQHandler
                0x08002f40                Default_Handler
                0x08002f40                EXTI15_10_IRQHandler
                0x08002f40                EXTI9_5_IRQHandler
                0x08002f40                SPI2_IRQHandler
                0x08002f40                DMA1_Channel5_IRQHandler
                0x08002f40                EXTI4_IRQHandler
                0x08002f40                USB_LP_CAN1_RX0_IRQHandler
                0x08002f40                USB_HP_CAN1_TX_IRQHandler
                0x08002f40                DMA1_Channel3_IRQHandler
                0x08002f40                TIM1_UP_IRQHandler
                0x08002f40                WWDG_IRQHandler
                0x08002f40                TIM2_IRQHandler
                0x08002f40                TIM1_BRK_IRQHandler
                0x08002f40                EXTI1_IRQHandler
                0x08002f40                USART2_IRQHandler
                0x08002f40                I2C2_ER_IRQHandler
                0x08002f40                DMA1_Channel2_IRQHandler
                0x08002f40                CAN1_SCE_IRQHandler
                0x08002f40                FLASH_IRQHandler
                0x08002f40                USART1_IRQHandler
                0x08002f40                I2C1_ER_IRQHandler
                0x08002f40                USBWakeUp_IRQHandler
 .text.SystemInit
                0x08002f42        0xc cmake/stm32cubemx/CMakeFiles/STM32_Drivers.dir/__/__/Core/Src/system_stm32f1xx.c.obj
                0x08002f42                SystemInit
 *fill*         0x08002f4e        0x2 
 .text.HAL_ADC_Init
                0x08002f50      0x1b0 cmake/stm32cubemx/CMakeFiles/STM32_Drivers.dir/__/__/Drivers/STM32F1xx_HAL_Driver/Src/stm32f1xx_hal_adc.c.obj
                0x08002f50                HAL_ADC_Init
 .text.HAL_ADC_Start_DMA
                0x08003100      0x1bc cmake/stm32cubemx/CMakeFiles/STM32_Drivers.dir/__/__/Drivers/STM32F1xx_HAL_Driver/Src/stm32f1xx_hal_adc.c.obj
                0x08003100                HAL_ADC_Start_DMA
 .text.HAL_ADC_ConvCpltCallback
                0x080032bc       0x12 cmake/stm32cubemx/CMakeFiles/STM32_Drivers.dir/__/__/Drivers/STM32F1xx_HAL_Driver/Src/stm32f1xx_hal_adc.c.obj
                0x080032bc                HAL_ADC_ConvCpltCallback
 .text.HAL_ADC_ConvHalfCpltCallback
                0x080032ce       0x12 cmake/stm32cubemx/CMakeFiles/STM32_Drivers.dir/__/__/Drivers/STM32F1xx_HAL_Driver/Src/stm32f1xx_hal_adc.c.obj
                0x080032ce                HAL_ADC_ConvHalfCpltCallback
 .text.HAL_ADC_ErrorCallback
                0x080032e0       0x12 cmake/stm32cubemx/CMakeFiles/STM32_Drivers.dir/__/__/Drivers/STM32F1xx_HAL_Driver/Src/stm32f1xx_hal_adc.c.obj
                0x080032e0                HAL_ADC_ErrorCallback
 *fill*         0x080032f2        0x2 
 .text.HAL_ADC_ConfigChannel
                0x080032f4      0x1f0 cmake/stm32cubemx/CMakeFiles/STM32_Drivers.dir/__/__/Drivers/STM32F1xx_HAL_Driver/Src/stm32f1xx_hal_adc.c.obj
                0x080032f4                HAL_ADC_ConfigChannel
 .text.ADC_Enable
                0x080034e4       0xb4 cmake/stm32cubemx/CMakeFiles/STM32_Drivers.dir/__/__/Drivers/STM32F1xx_HAL_Driver/Src/stm32f1xx_hal_adc.c.obj
                0x080034e4                ADC_Enable
 .text.ADC_ConversionStop_Disable
                0x08003598       0x82 cmake/stm32cubemx/CMakeFiles/STM32_Drivers.dir/__/__/Drivers/STM32F1xx_HAL_Driver/Src/stm32f1xx_hal_adc.c.obj
                0x08003598                ADC_ConversionStop_Disable
 .text.ADC_DMAConvCplt
                0x0800361a       0x7c cmake/stm32cubemx/CMakeFiles/STM32_Drivers.dir/__/__/Drivers/STM32F1xx_HAL_Driver/Src/stm32f1xx_hal_adc.c.obj
                0x0800361a                ADC_DMAConvCplt
 .text.ADC_DMAHalfConvCplt
                0x08003696       0x1c cmake/stm32cubemx/CMakeFiles/STM32_Drivers.dir/__/__/Drivers/STM32F1xx_HAL_Driver/Src/stm32f1xx_hal_adc.c.obj
                0x08003696                ADC_DMAHalfConvCplt
 .text.ADC_DMAError
                0x080036b2       0x34 cmake/stm32cubemx/CMakeFiles/STM32_Drivers.dir/__/__/Drivers/STM32F1xx_HAL_Driver/Src/stm32f1xx_hal_adc.c.obj
                0x080036b2                ADC_DMAError
 *fill*         0x080036e6        0x2 
 .text.HAL_ADCEx_Calibration_Start
                0x080036e8      0x15c cmake/stm32cubemx/CMakeFiles/STM32_Drivers.dir/__/__/Drivers/STM32F1xx_HAL_Driver/Src/stm32f1xx_hal_adc_ex.c.obj
                0x080036e8                HAL_ADCEx_Calibration_Start
 .text.HAL_Init
                0x08003844       0x2c cmake/stm32cubemx/CMakeFiles/STM32_Drivers.dir/__/__/Drivers/STM32F1xx_HAL_Driver/Src/stm32f1xx_hal.c.obj
                0x08003844                HAL_Init
 .text.HAL_InitTick
                0x08003870       0x60 cmake/stm32cubemx/CMakeFiles/STM32_Drivers.dir/__/__/Drivers/STM32F1xx_HAL_Driver/Src/stm32f1xx_hal.c.obj
                0x08003870                HAL_InitTick
 .text.HAL_IncTick
                0x080038d0       0x24 cmake/stm32cubemx/CMakeFiles/STM32_Drivers.dir/__/__/Drivers/STM32F1xx_HAL_Driver/Src/stm32f1xx_hal.c.obj
                0x080038d0                HAL_IncTick
 .text.HAL_GetTick
                0x080038f4       0x14 cmake/stm32cubemx/CMakeFiles/STM32_Drivers.dir/__/__/Drivers/STM32F1xx_HAL_Driver/Src/stm32f1xx_hal.c.obj
                0x080038f4                HAL_GetTick
 .text.HAL_Delay
                0x08003908       0x48 cmake/stm32cubemx/CMakeFiles/STM32_Drivers.dir/__/__/Drivers/STM32F1xx_HAL_Driver/Src/stm32f1xx_hal.c.obj
                0x08003908                HAL_Delay
 .text.HAL_RCC_OscConfig
                0x08003950      0x504 cmake/stm32cubemx/CMakeFiles/STM32_Drivers.dir/__/__/Drivers/STM32F1xx_HAL_Driver/Src/stm32f1xx_hal_rcc.c.obj
                0x08003950                HAL_RCC_OscConfig
 .text.HAL_RCC_ClockConfig
                0x08003e54      0x1d4 cmake/stm32cubemx/CMakeFiles/STM32_Drivers.dir/__/__/Drivers/STM32F1xx_HAL_Driver/Src/stm32f1xx_hal_rcc.c.obj
                0x08003e54                HAL_RCC_ClockConfig
 .text.HAL_RCC_GetSysClockFreq
                0x08004028       0xa8 cmake/stm32cubemx/CMakeFiles/STM32_Drivers.dir/__/__/Drivers/STM32F1xx_HAL_Driver/Src/stm32f1xx_hal_rcc.c.obj
                0x08004028                HAL_RCC_GetSysClockFreq
 .text.HAL_RCC_GetHCLKFreq
                0x080040d0       0x14 cmake/stm32cubemx/CMakeFiles/STM32_Drivers.dir/__/__/Drivers/STM32F1xx_HAL_Driver/Src/stm32f1xx_hal_rcc.c.obj
                0x080040d0                HAL_RCC_GetHCLKFreq
 .text.HAL_RCC_GetPCLK1Freq
                0x080040e4       0x28 cmake/stm32cubemx/CMakeFiles/STM32_Drivers.dir/__/__/Drivers/STM32F1xx_HAL_Driver/Src/stm32f1xx_hal_rcc.c.obj
                0x080040e4                HAL_RCC_GetPCLK1Freq
 .text.HAL_RCC_GetPCLK2Freq
                0x0800410c       0x28 cmake/stm32cubemx/CMakeFiles/STM32_Drivers.dir/__/__/Drivers/STM32F1xx_HAL_Driver/Src/stm32f1xx_hal_rcc.c.obj
                0x0800410c                HAL_RCC_GetPCLK2Freq
 .text.RCC_Delay
                0x08004134       0x3c cmake/stm32cubemx/CMakeFiles/STM32_Drivers.dir/__/__/Drivers/STM32F1xx_HAL_Driver/Src/stm32f1xx_hal_rcc.c.obj
 .text.HAL_RCCEx_PeriphCLKConfig
                0x08004170      0x16c cmake/stm32cubemx/CMakeFiles/STM32_Drivers.dir/__/__/Drivers/STM32F1xx_HAL_Driver/Src/stm32f1xx_hal_rcc_ex.c.obj
                0x08004170                HAL_RCCEx_PeriphCLKConfig
 .text.HAL_RCCEx_GetPeriphCLKFreq
                0x080042dc      0x16c cmake/stm32cubemx/CMakeFiles/STM32_Drivers.dir/__/__/Drivers/STM32F1xx_HAL_Driver/Src/stm32f1xx_hal_rcc_ex.c.obj
                0x080042dc                HAL_RCCEx_GetPeriphCLKFreq
 .text.HAL_GPIO_Init
                0x08004448      0x308 cmake/stm32cubemx/CMakeFiles/STM32_Drivers.dir/__/__/Drivers/STM32F1xx_HAL_Driver/Src/stm32f1xx_hal_gpio.c.obj
                0x08004448                HAL_GPIO_Init
 .text.HAL_GPIO_ReadPin
                0x08004750       0x2e cmake/stm32cubemx/CMakeFiles/STM32_Drivers.dir/__/__/Drivers/STM32F1xx_HAL_Driver/Src/stm32f1xx_hal_gpio.c.obj
                0x08004750                HAL_GPIO_ReadPin
 .text.HAL_GPIO_WritePin
                0x0800477e       0x30 cmake/stm32cubemx/CMakeFiles/STM32_Drivers.dir/__/__/Drivers/STM32F1xx_HAL_Driver/Src/stm32f1xx_hal_gpio.c.obj
                0x0800477e                HAL_GPIO_WritePin
 *fill*         0x080047ae        0x2 
 .text.HAL_DMA_Init
                0x080047b0       0xb4 cmake/stm32cubemx/CMakeFiles/STM32_Drivers.dir/__/__/Drivers/STM32F1xx_HAL_Driver/Src/stm32f1xx_hal_dma.c.obj
                0x080047b0                HAL_DMA_Init
 .text.HAL_DMA_Start_IT
                0x08004864       0xc0 cmake/stm32cubemx/CMakeFiles/STM32_Drivers.dir/__/__/Drivers/STM32F1xx_HAL_Driver/Src/stm32f1xx_hal_dma.c.obj
                0x08004864                HAL_DMA_Start_IT
 .text.DMA_SetConfig
                0x08004924       0x5a cmake/stm32cubemx/CMakeFiles/STM32_Drivers.dir/__/__/Drivers/STM32F1xx_HAL_Driver/Src/stm32f1xx_hal_dma.c.obj
 *fill*         0x0800497e        0x2 
 .text.__NVIC_SetPriorityGrouping
                0x08004980       0x48 cmake/stm32cubemx/CMakeFiles/STM32_Drivers.dir/__/__/Drivers/STM32F1xx_HAL_Driver/Src/stm32f1xx_hal_cortex.c.obj
 .text.__NVIC_GetPriorityGrouping
                0x080049c8       0x1c cmake/stm32cubemx/CMakeFiles/STM32_Drivers.dir/__/__/Drivers/STM32F1xx_HAL_Driver/Src/stm32f1xx_hal_cortex.c.obj
 .text.__NVIC_SetPriority
                0x080049e4       0x54 cmake/stm32cubemx/CMakeFiles/STM32_Drivers.dir/__/__/Drivers/STM32F1xx_HAL_Driver/Src/stm32f1xx_hal_cortex.c.obj
 .text.NVIC_EncodePriority
                0x08004a38       0x64 cmake/stm32cubemx/CMakeFiles/STM32_Drivers.dir/__/__/Drivers/STM32F1xx_HAL_Driver/Src/stm32f1xx_hal_cortex.c.obj
 .text.SysTick_Config
                0x08004a9c       0x44 cmake/stm32cubemx/CMakeFiles/STM32_Drivers.dir/__/__/Drivers/STM32F1xx_HAL_Driver/Src/stm32f1xx_hal_cortex.c.obj
 .text.HAL_NVIC_SetPriorityGrouping
                0x08004ae0       0x16 cmake/stm32cubemx/CMakeFiles/STM32_Drivers.dir/__/__/Drivers/STM32F1xx_HAL_Driver/Src/stm32f1xx_hal_cortex.c.obj
                0x08004ae0                HAL_NVIC_SetPriorityGrouping
 .text.HAL_NVIC_SetPriority
                0x08004af6       0x38 cmake/stm32cubemx/CMakeFiles/STM32_Drivers.dir/__/__/Drivers/STM32F1xx_HAL_Driver/Src/stm32f1xx_hal_cortex.c.obj
                0x08004af6                HAL_NVIC_SetPriority
 .text.HAL_SYSTICK_Config
                0x08004b2e       0x18 cmake/stm32cubemx/CMakeFiles/STM32_Drivers.dir/__/__/Drivers/STM32F1xx_HAL_Driver/Src/stm32f1xx_hal_cortex.c.obj
                0x08004b2e                HAL_SYSTICK_Config
 .text.HAL_SPI_Init
                0x08004b46      0x108 cmake/stm32cubemx/CMakeFiles/STM32_Drivers.dir/__/__/Drivers/STM32F1xx_HAL_Driver/Src/stm32f1xx_hal_spi.c.obj
                0x08004b46                HAL_SPI_Init
 .text.HAL_SPI_Transmit
                0x08004c4e      0x288 cmake/stm32cubemx/CMakeFiles/STM32_Drivers.dir/__/__/Drivers/STM32F1xx_HAL_Driver/Src/stm32f1xx_hal_spi.c.obj
                0x08004c4e                HAL_SPI_Transmit
 .text.HAL_SPI_Receive
                0x08004ed6      0x232 cmake/stm32cubemx/CMakeFiles/STM32_Drivers.dir/__/__/Drivers/STM32F1xx_HAL_Driver/Src/stm32f1xx_hal_spi.c.obj
                0x08004ed6                HAL_SPI_Receive
 .text.HAL_SPI_TransmitReceive
                0x08005108      0x352 cmake/stm32cubemx/CMakeFiles/STM32_Drivers.dir/__/__/Drivers/STM32F1xx_HAL_Driver/Src/stm32f1xx_hal_spi.c.obj
                0x08005108                HAL_SPI_TransmitReceive
 *fill*         0x0800545a        0x2 
 .text.SPI_WaitFlagStateUntilTimeout
                0x0800545c      0x110 cmake/stm32cubemx/CMakeFiles/STM32_Drivers.dir/__/__/Drivers/STM32F1xx_HAL_Driver/Src/stm32f1xx_hal_spi.c.obj
 .text.SPI_EndRxTransaction
                0x0800556c       0xa4 cmake/stm32cubemx/CMakeFiles/STM32_Drivers.dir/__/__/Drivers/STM32F1xx_HAL_Driver/Src/stm32f1xx_hal_spi.c.obj
 .text.SPI_EndRxTxTransaction
                0x08005610       0x62 cmake/stm32cubemx/CMakeFiles/STM32_Drivers.dir/__/__/Drivers/STM32F1xx_HAL_Driver/Src/stm32f1xx_hal_spi.c.obj
 .text.HAL_UART_Init
                0x08005672       0xa0 cmake/stm32cubemx/CMakeFiles/STM32_Drivers.dir/__/__/Drivers/STM32F1xx_HAL_Driver/Src/stm32f1xx_hal_uart.c.obj
                0x08005672                HAL_UART_Init
 .text.HAL_UART_Transmit
                0x08005712      0x116 cmake/stm32cubemx/CMakeFiles/STM32_Drivers.dir/__/__/Drivers/STM32F1xx_HAL_Driver/Src/stm32f1xx_hal_uart.c.obj
                0x08005712                HAL_UART_Transmit
 .text.UART_WaitOnFlagUntilTimeout
                0x08005828       0xb2 cmake/stm32cubemx/CMakeFiles/STM32_Drivers.dir/__/__/Drivers/STM32F1xx_HAL_Driver/Src/stm32f1xx_hal_uart.c.obj
 .text.UART_EndRxTransfer
                0x080058da       0xc4 cmake/stm32cubemx/CMakeFiles/STM32_Drivers.dir/__/__/Drivers/STM32F1xx_HAL_Driver/Src/stm32f1xx_hal_uart.c.obj
 *fill*         0x0800599e        0x2 
 .text.UART_SetConfig
                0x080059a0      0x11c cmake/stm32cubemx/CMakeFiles/STM32_Drivers.dir/__/__/Drivers/STM32F1xx_HAL_Driver/Src/stm32f1xx_hal_uart.c.obj
 .text.vListInitialise
                0x08005abc       0x3e cmake/stm32cubemx/CMakeFiles/FreeRTOS.dir/__/__/Middlewares/Third_Party/FreeRTOS/Source/list.c.obj
                0x08005abc                vListInitialise
 .text.vListInitialiseItem
                0x08005afa       0x18 cmake/stm32cubemx/CMakeFiles/FreeRTOS.dir/__/__/Middlewares/Third_Party/FreeRTOS/Source/list.c.obj
                0x08005afa                vListInitialiseItem
 .text.vListInsertEnd
                0x08005b12       0x46 cmake/stm32cubemx/CMakeFiles/FreeRTOS.dir/__/__/Middlewares/Third_Party/FreeRTOS/Source/list.c.obj
                0x08005b12                vListInsertEnd
 .text.vListInsert
                0x08005b58       0x70 cmake/stm32cubemx/CMakeFiles/FreeRTOS.dir/__/__/Middlewares/Third_Party/FreeRTOS/Source/list.c.obj
                0x08005b58                vListInsert
 .text.uxListRemove
                0x08005bc8       0x52 cmake/stm32cubemx/CMakeFiles/FreeRTOS.dir/__/__/Middlewares/Third_Party/FreeRTOS/Source/list.c.obj
                0x08005bc8                uxListRemove
 *fill*         0x08005c1a        0x2 
 .text.xQueueGenericReset
                0x08005c1c       0xd4 cmake/stm32cubemx/CMakeFiles/FreeRTOS.dir/__/__/Middlewares/Third_Party/FreeRTOS/Source/queue.c.obj
                0x08005c1c                xQueueGenericReset
 .text.xQueueGenericCreateStatic
                0x08005cf0       0xfa cmake/stm32cubemx/CMakeFiles/FreeRTOS.dir/__/__/Middlewares/Third_Party/FreeRTOS/Source/queue.c.obj
                0x08005cf0                xQueueGenericCreateStatic
 .text.prvInitialiseNewQueue
                0x08005dea       0x46 cmake/stm32cubemx/CMakeFiles/FreeRTOS.dir/__/__/Middlewares/Third_Party/FreeRTOS/Source/queue.c.obj
 .text.xQueueGenericSend
                0x08005e30      0x204 cmake/stm32cubemx/CMakeFiles/FreeRTOS.dir/__/__/Middlewares/Third_Party/FreeRTOS/Source/queue.c.obj
                0x08005e30                xQueueGenericSend
 .text.xQueueGenericSendFromISR
                0x08006034      0x13c cmake/stm32cubemx/CMakeFiles/FreeRTOS.dir/__/__/Middlewares/Third_Party/FreeRTOS/Source/queue.c.obj
                0x08006034                xQueueGenericSendFromISR
 .text.xQueueReceive
                0x08006170      0x1c4 cmake/stm32cubemx/CMakeFiles/FreeRTOS.dir/__/__/Middlewares/Third_Party/FreeRTOS/Source/queue.c.obj
                0x08006170                xQueueReceive
 .text.prvCopyDataToQueue
                0x08006334       0xd4 cmake/stm32cubemx/CMakeFiles/FreeRTOS.dir/__/__/Middlewares/Third_Party/FreeRTOS/Source/queue.c.obj
 .text.prvCopyDataFromQueue
                0x08006408       0x4c cmake/stm32cubemx/CMakeFiles/FreeRTOS.dir/__/__/Middlewares/Third_Party/FreeRTOS/Source/queue.c.obj
 .text.prvUnlockQueue
                0x08006454       0xa4 cmake/stm32cubemx/CMakeFiles/FreeRTOS.dir/__/__/Middlewares/Third_Party/FreeRTOS/Source/queue.c.obj
 .text.prvIsQueueEmpty
                0x080064f8       0x2c cmake/stm32cubemx/CMakeFiles/FreeRTOS.dir/__/__/Middlewares/Third_Party/FreeRTOS/Source/queue.c.obj
 .text.prvIsQueueFull
                0x08006524       0x30 cmake/stm32cubemx/CMakeFiles/FreeRTOS.dir/__/__/Middlewares/Third_Party/FreeRTOS/Source/queue.c.obj
 .text.vQueueAddToRegistry
                0x08006554       0x50 cmake/stm32cubemx/CMakeFiles/FreeRTOS.dir/__/__/Middlewares/Third_Party/FreeRTOS/Source/queue.c.obj
                0x08006554                vQueueAddToRegistry
 .text.vQueueWaitForMessageRestricted
                0x080065a4       0x68 cmake/stm32cubemx/CMakeFiles/FreeRTOS.dir/__/__/Middlewares/Third_Party/FreeRTOS/Source/queue.c.obj
                0x080065a4                vQueueWaitForMessageRestricted
 .text.xTaskCreateStatic
                0x0800660c       0xc0 cmake/stm32cubemx/CMakeFiles/FreeRTOS.dir/__/__/Middlewares/Third_Party/FreeRTOS/Source/tasks.c.obj
                0x0800660c                xTaskCreateStatic
 .text.xTaskCreate
                0x080066cc       0x8a cmake/stm32cubemx/CMakeFiles/FreeRTOS.dir/__/__/Middlewares/Third_Party/FreeRTOS/Source/tasks.c.obj
                0x080066cc                xTaskCreate
 .text.prvInitialiseNewTask
                0x08006756      0x120 cmake/stm32cubemx/CMakeFiles/FreeRTOS.dir/__/__/Middlewares/Third_Party/FreeRTOS/Source/tasks.c.obj
 *fill*         0x08006876        0x2 
 .text.prvAddNewTaskToReadyList
                0x08006878       0xe0 cmake/stm32cubemx/CMakeFiles/FreeRTOS.dir/__/__/Middlewares/Third_Party/FreeRTOS/Source/tasks.c.obj
 .text.vTaskDelete
                0x08006958       0xe8 cmake/stm32cubemx/CMakeFiles/FreeRTOS.dir/__/__/Middlewares/Third_Party/FreeRTOS/Source/tasks.c.obj
                0x08006958                vTaskDelete
 .text.vTaskDelayUntil
                0x08006a40      0x100 cmake/stm32cubemx/CMakeFiles/FreeRTOS.dir/__/__/Middlewares/Third_Party/FreeRTOS/Source/tasks.c.obj
                0x08006a40                vTaskDelayUntil
 .text.vTaskDelay
                0x08006b40       0x6c cmake/stm32cubemx/CMakeFiles/FreeRTOS.dir/__/__/Middlewares/Third_Party/FreeRTOS/Source/tasks.c.obj
                0x08006b40                vTaskDelay
 .text.vTaskStartScheduler
                0x08006bac       0xd0 cmake/stm32cubemx/CMakeFiles/FreeRTOS.dir/__/__/Middlewares/Third_Party/FreeRTOS/Source/tasks.c.obj
                0x08006bac                vTaskStartScheduler
 .text.vTaskSuspendAll
                0x08006c7c       0x1c cmake/stm32cubemx/CMakeFiles/FreeRTOS.dir/__/__/Middlewares/Third_Party/FreeRTOS/Source/tasks.c.obj
                0x08006c7c                vTaskSuspendAll
 .text.xTaskResumeAll
                0x08006c98      0x13c cmake/stm32cubemx/CMakeFiles/FreeRTOS.dir/__/__/Middlewares/Third_Party/FreeRTOS/Source/tasks.c.obj
                0x08006c98                xTaskResumeAll
 .text.xTaskGetTickCount
                0x08006dd4       0x1c cmake/stm32cubemx/CMakeFiles/FreeRTOS.dir/__/__/Middlewares/Third_Party/FreeRTOS/Source/tasks.c.obj
                0x08006dd4                xTaskGetTickCount
 .text.xTaskIncrementTick
                0x08006df0      0x174 cmake/stm32cubemx/CMakeFiles/FreeRTOS.dir/__/__/Middlewares/Third_Party/FreeRTOS/Source/tasks.c.obj
                0x08006df0                xTaskIncrementTick
 .text.vTaskSwitchContext
                0x08006f64       0xbc cmake/stm32cubemx/CMakeFiles/FreeRTOS.dir/__/__/Middlewares/Third_Party/FreeRTOS/Source/tasks.c.obj
                0x08006f64                vTaskSwitchContext
 .text.vTaskPlaceOnEventList
                0x08007020       0x4c cmake/stm32cubemx/CMakeFiles/FreeRTOS.dir/__/__/Middlewares/Third_Party/FreeRTOS/Source/tasks.c.obj
                0x08007020                vTaskPlaceOnEventList
 .text.vTaskPlaceOnEventListRestricted
                0x0800706c       0x58 cmake/stm32cubemx/CMakeFiles/FreeRTOS.dir/__/__/Middlewares/Third_Party/FreeRTOS/Source/tasks.c.obj
                0x0800706c                vTaskPlaceOnEventListRestricted
 .text.xTaskRemoveFromEventList
                0x080070c4       0xc8 cmake/stm32cubemx/CMakeFiles/FreeRTOS.dir/__/__/Middlewares/Third_Party/FreeRTOS/Source/tasks.c.obj
                0x080070c4                xTaskRemoveFromEventList
 .text.vTaskInternalSetTimeOutState
                0x0800718c       0x2c cmake/stm32cubemx/CMakeFiles/FreeRTOS.dir/__/__/Middlewares/Third_Party/FreeRTOS/Source/tasks.c.obj
                0x0800718c                vTaskInternalSetTimeOutState
 .text.xTaskCheckForTimeOut
                0x080071b8       0xc8 cmake/stm32cubemx/CMakeFiles/FreeRTOS.dir/__/__/Middlewares/Third_Party/FreeRTOS/Source/tasks.c.obj
                0x080071b8                xTaskCheckForTimeOut
 .text.vTaskMissedYield
                0x08007280       0x18 cmake/stm32cubemx/CMakeFiles/FreeRTOS.dir/__/__/Middlewares/Third_Party/FreeRTOS/Source/tasks.c.obj
                0x08007280                vTaskMissedYield
 .text.prvIdleTask
                0x08007298       0x30 cmake/stm32cubemx/CMakeFiles/FreeRTOS.dir/__/__/Middlewares/Third_Party/FreeRTOS/Source/tasks.c.obj
 .text.prvInitialiseTaskLists
                0x080072c8       0x80 cmake/stm32cubemx/CMakeFiles/FreeRTOS.dir/__/__/Middlewares/Third_Party/FreeRTOS/Source/tasks.c.obj
 .text.prvCheckTasksWaitingTermination
                0x08007348       0x5c cmake/stm32cubemx/CMakeFiles/FreeRTOS.dir/__/__/Middlewares/Third_Party/FreeRTOS/Source/tasks.c.obj
 .text.prvDeleteTCB
                0x080073a4       0x60 cmake/stm32cubemx/CMakeFiles/FreeRTOS.dir/__/__/Middlewares/Third_Party/FreeRTOS/Source/tasks.c.obj
 .text.prvResetNextTaskUnblockTime
                0x08007404       0x40 cmake/stm32cubemx/CMakeFiles/FreeRTOS.dir/__/__/Middlewares/Third_Party/FreeRTOS/Source/tasks.c.obj
 .text.xTaskGetSchedulerState
                0x08007444       0x3c cmake/stm32cubemx/CMakeFiles/FreeRTOS.dir/__/__/Middlewares/Third_Party/FreeRTOS/Source/tasks.c.obj
                0x08007444                xTaskGetSchedulerState
 .text.xTaskPriorityDisinherit
                0x08007480       0xe0 cmake/stm32cubemx/CMakeFiles/FreeRTOS.dir/__/__/Middlewares/Third_Party/FreeRTOS/Source/tasks.c.obj
                0x08007480                xTaskPriorityDisinherit
 .text.ulTaskNotifyTake
                0x08007560       0x90 cmake/stm32cubemx/CMakeFiles/FreeRTOS.dir/__/__/Middlewares/Third_Party/FreeRTOS/Source/tasks.c.obj
                0x08007560                ulTaskNotifyTake
 .text.prvAddCurrentTaskToDelayedList
                0x080075f0       0xa8 cmake/stm32cubemx/CMakeFiles/FreeRTOS.dir/__/__/Middlewares/Third_Party/FreeRTOS/Source/tasks.c.obj
 .text.xTimerCreateTimerTask
                0x08007698       0x94 cmake/stm32cubemx/CMakeFiles/FreeRTOS.dir/__/__/Middlewares/Third_Party/FreeRTOS/Source/timers.c.obj
                0x08007698                xTimerCreateTimerTask
 .text.xTimerGenericCommand
                0x0800772c       0x9c cmake/stm32cubemx/CMakeFiles/FreeRTOS.dir/__/__/Middlewares/Third_Party/FreeRTOS/Source/timers.c.obj
                0x0800772c                xTimerGenericCommand
 .text.prvProcessExpiredTimer
                0x080077c8       0x9c cmake/stm32cubemx/CMakeFiles/FreeRTOS.dir/__/__/Middlewares/Third_Party/FreeRTOS/Source/timers.c.obj
 .text.prvTimerTask
                0x08007864       0x26 cmake/stm32cubemx/CMakeFiles/FreeRTOS.dir/__/__/Middlewares/Third_Party/FreeRTOS/Source/timers.c.obj
 *fill*         0x0800788a        0x2 
 .text.prvProcessTimerOrBlockTask
                0x0800788c       0x9c cmake/stm32cubemx/CMakeFiles/FreeRTOS.dir/__/__/Middlewares/Third_Party/FreeRTOS/Source/timers.c.obj
 .text.prvGetNextExpireTime
                0x08007928       0x44 cmake/stm32cubemx/CMakeFiles/FreeRTOS.dir/__/__/Middlewares/Third_Party/FreeRTOS/Source/timers.c.obj
 .text.prvSampleTimeNow
                0x0800796c       0x40 cmake/stm32cubemx/CMakeFiles/FreeRTOS.dir/__/__/Middlewares/Third_Party/FreeRTOS/Source/timers.c.obj
 .text.prvInsertTimerInActiveList
                0x080079ac       0x84 cmake/stm32cubemx/CMakeFiles/FreeRTOS.dir/__/__/Middlewares/Third_Party/FreeRTOS/Source/timers.c.obj
 .text.prvProcessReceivedCommands
                0x08007a30      0x1cc cmake/stm32cubemx/CMakeFiles/FreeRTOS.dir/__/__/Middlewares/Third_Party/FreeRTOS/Source/timers.c.obj
 .text.prvSwitchTimerLists
                0x08007bfc       0xcc cmake/stm32cubemx/CMakeFiles/FreeRTOS.dir/__/__/Middlewares/Third_Party/FreeRTOS/Source/timers.c.obj
 .text.prvCheckForValidListAndQueue
                0x08007cc8       0x80 cmake/stm32cubemx/CMakeFiles/FreeRTOS.dir/__/__/Middlewares/Third_Party/FreeRTOS/Source/timers.c.obj
 .text.__NVIC_SetPriority
                0x08007d48       0x54 cmake/stm32cubemx/CMakeFiles/FreeRTOS.dir/__/__/Middlewares/Third_Party/FreeRTOS/Source/CMSIS_RTOS_V2/cmsis_os2.c.obj
 .text.SVC_Setup
                0x08007d9c       0x12 cmake/stm32cubemx/CMakeFiles/FreeRTOS.dir/__/__/Middlewares/Third_Party/FreeRTOS/Source/CMSIS_RTOS_V2/cmsis_os2.c.obj
 *fill*         0x08007dae        0x2 
 .text.osKernelInitialize
                0x08007db0       0x44 cmake/stm32cubemx/CMakeFiles/FreeRTOS.dir/__/__/Middlewares/Third_Party/FreeRTOS/Source/CMSIS_RTOS_V2/cmsis_os2.c.obj
                0x08007db0                osKernelInitialize
 .text.osKernelStart
                0x08007df4       0x4c cmake/stm32cubemx/CMakeFiles/FreeRTOS.dir/__/__/Middlewares/Third_Party/FreeRTOS/Source/CMSIS_RTOS_V2/cmsis_os2.c.obj
                0x08007df4                osKernelStart
 .text.vApplicationGetIdleTaskMemory
                0x08007e40       0x30 cmake/stm32cubemx/CMakeFiles/FreeRTOS.dir/__/__/Middlewares/Third_Party/FreeRTOS/Source/CMSIS_RTOS_V2/cmsis_os2.c.obj
                0x08007e40                vApplicationGetIdleTaskMemory
 .text.vApplicationGetTimerTaskMemory
                0x08007e70       0x34 cmake/stm32cubemx/CMakeFiles/FreeRTOS.dir/__/__/Middlewares/Third_Party/FreeRTOS/Source/CMSIS_RTOS_V2/cmsis_os2.c.obj
                0x08007e70                vApplicationGetTimerTaskMemory
 .text.pvPortMalloc
                0x08007ea4      0x19c cmake/stm32cubemx/CMakeFiles/FreeRTOS.dir/__/__/Middlewares/Third_Party/FreeRTOS/Source/portable/MemMang/heap_4.c.obj
                0x08007ea4                pvPortMalloc
 .text.vPortFree
                0x08008040       0xc8 cmake/stm32cubemx/CMakeFiles/FreeRTOS.dir/__/__/Middlewares/Third_Party/FreeRTOS/Source/portable/MemMang/heap_4.c.obj
                0x08008040                vPortFree
 .text.prvHeapInit
                0x08008108       0xc4 cmake/stm32cubemx/CMakeFiles/FreeRTOS.dir/__/__/Middlewares/Third_Party/FreeRTOS/Source/portable/MemMang/heap_4.c.obj
 .text.prvInsertBlockIntoFreeList
                0x080081cc       0xb0 cmake/stm32cubemx/CMakeFiles/FreeRTOS.dir/__/__/Middlewares/Third_Party/FreeRTOS/Source/portable/MemMang/heap_4.c.obj
 .text.pxPortInitialiseStack
                0x0800827c       0x58 cmake/stm32cubemx/CMakeFiles/FreeRTOS.dir/__/__/Middlewares/Third_Party/FreeRTOS/Source/portable/GCC/ARM_CM3/port.c.obj
                0x0800827c                pxPortInitialiseStack
 .text.prvTaskExitError
                0x080082d4       0x58 cmake/stm32cubemx/CMakeFiles/FreeRTOS.dir/__/__/Middlewares/Third_Party/FreeRTOS/Source/portable/GCC/ARM_CM3/port.c.obj
 *fill*         0x0800832c        0x4 
 .text.SVC_Handler
                0x08008330       0x28 cmake/stm32cubemx/CMakeFiles/FreeRTOS.dir/__/__/Middlewares/Third_Party/FreeRTOS/Source/portable/GCC/ARM_CM3/port.c.obj
                0x08008330                SVC_Handler
 .text.prvPortStartFirstTask
                0x08008358       0x20 cmake/stm32cubemx/CMakeFiles/FreeRTOS.dir/__/__/Middlewares/Third_Party/FreeRTOS/Source/portable/GCC/ARM_CM3/port.c.obj
 .text.xPortStartScheduler
                0x08008378       0xe4 cmake/stm32cubemx/CMakeFiles/FreeRTOS.dir/__/__/Middlewares/Third_Party/FreeRTOS/Source/portable/GCC/ARM_CM3/port.c.obj
                0x08008378                xPortStartScheduler
 .text.vPortEnterCritical
                0x0800845c       0x60 cmake/stm32cubemx/CMakeFiles/FreeRTOS.dir/__/__/Middlewares/Third_Party/FreeRTOS/Source/portable/GCC/ARM_CM3/port.c.obj
                0x0800845c                vPortEnterCritical
 .text.vPortExitCritical
                0x080084bc       0x54 cmake/stm32cubemx/CMakeFiles/FreeRTOS.dir/__/__/Middlewares/Third_Party/FreeRTOS/Source/portable/GCC/ARM_CM3/port.c.obj
                0x080084bc                vPortExitCritical
 .text.PendSV_Handler
                0x08008510       0x48 cmake/stm32cubemx/CMakeFiles/FreeRTOS.dir/__/__/Middlewares/Third_Party/FreeRTOS/Source/portable/GCC/ARM_CM3/port.c.obj
                0x08008510                PendSV_Handler
 .text.xPortSysTickHandler
                0x08008558       0x44 cmake/stm32cubemx/CMakeFiles/FreeRTOS.dir/__/__/Middlewares/Third_Party/FreeRTOS/Source/portable/GCC/ARM_CM3/port.c.obj
                0x08008558                xPortSysTickHandler
 .text.vPortSetupTimerInterrupt
                0x0800859c       0x44 cmake/stm32cubemx/CMakeFiles/FreeRTOS.dir/__/__/Middlewares/Third_Party/FreeRTOS/Source/portable/GCC/ARM_CM3/port.c.obj
                0x0800859c                vPortSetupTimerInterrupt
 .text.vPortValidateInterruptPriority
                0x080085e0       0x80 cmake/stm32cubemx/CMakeFiles/FreeRTOS.dir/__/__/Middlewares/Third_Party/FreeRTOS/Source/portable/GCC/ARM_CM3/port.c.obj
                0x080085e0                vPortValidateInterruptPriority
 *(.glue_7)
 .glue_7        0x08008660        0x0 linker stubs
 *(.glue_7t)
 .glue_7t       0x08008660        0x0 linker stubs
 *(.eh_frame)
 .eh_frame      0x08008660        0x0 /usr/lib/gcc/arm-none-eabi/13.2.1/thumb/v7-m/nofp/crtbegin.o
 *(.init)
 .init          0x08008660        0x4 /usr/lib/gcc/arm-none-eabi/13.2.1/thumb/v7-m/nofp/crti.o
                0x08008660                _init
 .init          0x08008664        0x8 /usr/lib/gcc/arm-none-eabi/13.2.1/thumb/v7-m/nofp/crtn.o
 *(.fini)
 .fini          0x0800866c        0x4 /usr/lib/gcc/arm-none-eabi/13.2.1/thumb/v7-m/nofp/crti.o
                0x0800866c                _fini
 .fini          0x08008670        0x8 /usr/lib/gcc/arm-none-eabi/13.2.1/thumb/v7-m/nofp/crtn.o
                0x08008678                        . = ALIGN (0x4)
                0x08008678                        _etext = .

.vfp11_veneer   0x08008678        0x0
 .vfp11_veneer  0x08008678        0x0 linker stubs

.v4_bx          0x08008678        0x0
 .v4_bx         0x08008678        0x0 linker stubs

.iplt           0x08008678        0x0
 .iplt          0x08008678        0x0 /usr/lib/gcc/arm-none-eabi/13.2.1/thumb/v7-m/nofp/crtbegin.o

.rodata         0x08008678      0x490
                0x08008678                        . = ALIGN (0x4)
 *(.rodata)
 .rodata        0x08008678        0x5 CMakeFiles/Quadcopter_RemoteControl.dir/Inf/Src/Inf_SI24R1.c.obj
 *fill*         0x0800867d        0x3 
 .rodata        0x08008680       0x78 CMakeFiles/Quadcopter_RemoteControl.dir/Inf/Src/Inf_JoyStick_Key.c.obj
 .rodata        0x080086f8       0xad CMakeFiles/Quadcopter_RemoteControl.dir/App/Src/App_Communication.c.obj
 *fill*         0x080087a5        0x3 
 .rodata        0x080087a8       0x8c CMakeFiles/Quadcopter_RemoteControl.dir/App/Src/App_DataProcess.c.obj
 .rodata        0x08008834      0x23d CMakeFiles/Quadcopter_RemoteControl.dir/Core/Src/freertos.c.obj
 *fill*         0x08008a71        0x3 
 .rodata        0x08008a74        0x5 cmake/stm32cubemx/CMakeFiles/FreeRTOS.dir/__/__/Middlewares/Third_Party/FreeRTOS/Source/tasks.c.obj
 *fill*         0x08008a79        0x3 
 .rodata        0x08008a7c        0xd cmake/stm32cubemx/CMakeFiles/FreeRTOS.dir/__/__/Middlewares/Third_Party/FreeRTOS/Source/timers.c.obj
 *(.rodata*)
 *fill*         0x08008a89        0x3 
 .rodata.AHBPrescTable
                0x08008a8c       0x10 cmake/stm32cubemx/CMakeFiles/STM32_Drivers.dir/__/__/Core/Src/system_stm32f1xx.c.obj
                0x08008a8c                AHBPrescTable
 .rodata.APBPrescTable
                0x08008a9c        0x8 cmake/stm32cubemx/CMakeFiles/STM32_Drivers.dir/__/__/Core/Src/system_stm32f1xx.c.obj
                0x08008a9c                APBPrescTable
 .rodata.aPLLMULFactorTable.1
                0x08008aa4       0x10 cmake/stm32cubemx/CMakeFiles/STM32_Drivers.dir/__/__/Drivers/STM32F1xx_HAL_Driver/Src/stm32f1xx_hal_rcc.c.obj
 .rodata.aPredivFactorTable.0
                0x08008ab4        0x2 cmake/stm32cubemx/CMakeFiles/STM32_Drivers.dir/__/__/Drivers/STM32F1xx_HAL_Driver/Src/stm32f1xx_hal_rcc.c.obj
 *fill*         0x08008ab6        0x2 
 .rodata.aPLLMULFactorTable.1
                0x08008ab8       0x10 cmake/stm32cubemx/CMakeFiles/STM32_Drivers.dir/__/__/Drivers/STM32F1xx_HAL_Driver/Src/stm32f1xx_hal_rcc_ex.c.obj
 .rodata.aPredivFactorTable.0
                0x08008ac8        0x2 cmake/stm32cubemx/CMakeFiles/STM32_Drivers.dir/__/__/Drivers/STM32F1xx_HAL_Driver/Src/stm32f1xx_hal_rcc_ex.c.obj
 *fill*         0x08008aca        0x2 
 .rodata.str1.4
                0x08008acc       0x39 /usr/lib/gcc/arm-none-eabi/13.2.1/../../../arm-none-eabi/lib/thumb/v7-m/nofp/libg_nano.a(libc_a-nano-vfprintf.o)
                                 0x13 (size before relaxing)
 .rodata.str1.4
                0x08008b05       0x25 /usr/lib/gcc/arm-none-eabi/13.2.1/../../../arm-none-eabi/lib/thumb/v7-m/nofp/libg_nano.a(libc_a-nano-vfprintf_i.o)
                0x08008b2c                        . = ALIGN (0x4)
 *fill*         0x08008b05        0x3 

.ARM.extab      0x08008b08        0x0
                0x08008b08                        . = ALIGN (0x4)
 *(.ARM.extab* .gnu.linkonce.armextab.*)
                0x08008b08                        . = ALIGN (0x4)

.ARM            0x08008b08        0x8
                0x08008b08                        . = ALIGN (0x4)
                0x08008b08                        __exidx_start = .
 *(.ARM.exidx*)
 .ARM.exidx     0x08008b08        0x8 /usr/lib/gcc/arm-none-eabi/13.2.1/../../../arm-none-eabi/lib/thumb/v7-m/nofp/libg_nano.a(libc_a-memcpy.o)
                0x08008b10                        __exidx_end = .
                0x08008b10                        . = ALIGN (0x4)

.preinit_array  0x08008b10        0x0
                0x08008b10                        . = ALIGN (0x4)
                0x08008b10                        PROVIDE (__preinit_array_start = .)
 *(.preinit_array*)
                0x08008b10                        PROVIDE (__preinit_array_end = .)
                0x08008b10                        . = ALIGN (0x4)

.init_array     0x08008b10        0x4
                0x08008b10                        . = ALIGN (0x4)
                0x08008b10                        PROVIDE (__init_array_start = .)
 *(SORT_BY_NAME(.init_array.*))
 *(.init_array*)
 .init_array    0x08008b10        0x4 /usr/lib/gcc/arm-none-eabi/13.2.1/thumb/v7-m/nofp/crtbegin.o
                0x08008b14                        PROVIDE (__init_array_end = .)
                0x08008b14                        . = ALIGN (0x4)

.fini_array     0x08008b14        0x4
                0x08008b14                        . = ALIGN (0x4)
                0x08008b14                        PROVIDE (__fini_array_start = .)
 *(SORT_BY_NAME(.fini_array.*))
 *(.fini_array*)
 .fini_array    0x08008b14        0x4 /usr/lib/gcc/arm-none-eabi/13.2.1/thumb/v7-m/nofp/crtbegin.o
                0x08008b18                        PROVIDE (__fini_array_end = .)
                0x08008b18                        . = ALIGN (0x4)
                0x08008b18                        _sidata = LOADADDR (.data)

.rel.dyn        0x08008b18        0x0
 .rel.iplt      0x08008b18        0x0 /usr/lib/gcc/arm-none-eabi/13.2.1/thumb/v7-m/nofp/crtbegin.o

.data           0x20000000       0x74 load address 0x08008b18
                0x20000000                        . = ALIGN (0x4)
                0x20000000                        _sdata = .
 *(.data)
 .data          0x20000000        0xc /usr/lib/gcc/arm-none-eabi/13.2.1/../../../arm-none-eabi/lib/thumb/v7-m/nofp/libc_nano.a(libc_a-findfp.o)
                0x20000000                __sglue
 .data          0x2000000c       0x50 /usr/lib/gcc/arm-none-eabi/13.2.1/../../../arm-none-eabi/lib/thumb/v7-m/nofp/libc_nano.a(libc_a-impure.o)
                0x2000000c                _impure_ptr
                0x20000010                _impure_data
 *(.data*)
 .data.ADDRESS  0x2000005c        0x5 CMakeFiles/Quadcopter_RemoteControl.dir/Inf/Src/Inf_SI24R1.c.obj
                0x2000005c                ADDRESS
 *fill*         0x20000061        0x3 
 .data.SystemCoreClock
                0x20000064        0x4 cmake/stm32cubemx/CMakeFiles/STM32_Drivers.dir/__/__/Core/Src/system_stm32f1xx.c.obj
                0x20000064                SystemCoreClock
 .data.uwTickPrio
                0x20000068        0x4 cmake/stm32cubemx/CMakeFiles/STM32_Drivers.dir/__/__/Drivers/STM32F1xx_HAL_Driver/Src/stm32f1xx_hal.c.obj
                0x20000068                uwTickPrio
 .data.uwTickFreq
                0x2000006c        0x1 cmake/stm32cubemx/CMakeFiles/STM32_Drivers.dir/__/__/Drivers/STM32F1xx_HAL_Driver/Src/stm32f1xx_hal.c.obj
                0x2000006c                uwTickFreq
 *fill*         0x2000006d        0x3 
 .data.uxCriticalNesting
                0x20000070        0x4 cmake/stm32cubemx/CMakeFiles/FreeRTOS.dir/__/__/Middlewares/Third_Party/FreeRTOS/Source/portable/GCC/ARM_CM3/port.c.obj
 *(.RamFunc)
 *(.RamFunc*)
                0x20000074                        . = ALIGN (0x4)
                0x20000074                        _edata = .

.tm_clone_table
                0x20000074        0x0 load address 0x08008b8c
 .tm_clone_table
                0x20000074        0x0 /usr/lib/gcc/arm-none-eabi/13.2.1/thumb/v7-m/nofp/crtbegin.o
 .tm_clone_table
                0x20000074        0x0 /usr/lib/gcc/arm-none-eabi/13.2.1/thumb/v7-m/nofp/crtend.o

.igot.plt       0x20000074        0x0 load address 0x08008b8c
 .igot.plt      0x20000074        0x0 /usr/lib/gcc/arm-none-eabi/13.2.1/thumb/v7-m/nofp/crtbegin.o
                0x20000074                        . = ALIGN (0x4)

.bss            0x20000074     0x4018 load address 0x08008b8c
                0x20000074                        _sbss = .
                0x20000074                        __bss_start__ = _sbss
 *(.bss)
 .bss           0x20000074       0x1c /usr/lib/gcc/arm-none-eabi/13.2.1/thumb/v7-m/nofp/crtbegin.o
 .bss           0x20000090      0x13c /usr/lib/gcc/arm-none-eabi/13.2.1/../../../arm-none-eabi/lib/thumb/v7-m/nofp/libc_nano.a(libc_a-findfp.o)
                0x20000090                __sf
                0x200001c8                __stdio_exit_handler
 .bss           0x200001cc        0x8 /usr/lib/gcc/arm-none-eabi/13.2.1/../../../arm-none-eabi/lib/thumb/v7-m/nofp/libc_nano.a(libc_a-mallocr.o)
                0x200001cc                __malloc_sbrk_start
                0x200001d0                __malloc_free_list
 .bss           0x200001d4        0x4 /usr/lib/gcc/arm-none-eabi/13.2.1/../../../arm-none-eabi/lib/thumb/v7-m/nofp/libc_nano.a(libc_a-reent.o)
                0x200001d4                errno
 *(.bss*)
 .bss.joyStick  0x200001d8        0xa CMakeFiles/Quadcopter_RemoteControl.dir/Common/Src/Com_Config.c.obj
                0x200001d8                joyStick
 *fill*         0x200001e2        0x2 
 .bss.joyStickBias
                0x200001e4        0xa CMakeFiles/Quadcopter_RemoteControl.dir/Common/Src/Com_Config.c.obj
                0x200001e4                joyStickBias
 *fill*         0x200001ee        0x2 
 .bss.TX_BUF    0x200001f0       0x12 CMakeFiles/Quadcopter_RemoteControl.dir/Inf/Src/Inf_SI24R1.c.obj
                0x200001f0                TX_BUF
 *fill*         0x20000202        0x2 
 .bss.buff      0x20000204        0x8 CMakeFiles/Quadcopter_RemoteControl.dir/Inf/Src/Inf_JoyStick_Key.c.obj
 .bss.startTaskHandle
                0x2000020c        0x4 CMakeFiles/Quadcopter_RemoteControl.dir/Core/Src/freertos.c.obj
                0x2000020c                startTaskHandle
 .bss.powerTaskHandle
                0x20000210        0x4 CMakeFiles/Quadcopter_RemoteControl.dir/Core/Src/freertos.c.obj
                0x20000210                powerTaskHandle
 .bss.communicationTaskHandle
                0x20000214        0x4 CMakeFiles/Quadcopter_RemoteControl.dir/Core/Src/freertos.c.obj
                0x20000214                communicationTaskHandle
 .bss.keyTaskHandle
                0x20000218        0x4 CMakeFiles/Quadcopter_RemoteControl.dir/Core/Src/freertos.c.obj
                0x20000218                keyTaskHandle
 .bss.joyStickTaskHandle
                0x2000021c        0x4 CMakeFiles/Quadcopter_RemoteControl.dir/Core/Src/freertos.c.obj
                0x2000021c                joyStickTaskHandle
 .bss.hadc1     0x20000220       0x30 CMakeFiles/Quadcopter_RemoteControl.dir/Core/Src/adc.c.obj
                0x20000220                hadc1
 .bss.hdma_adc1
                0x20000250       0x44 CMakeFiles/Quadcopter_RemoteControl.dir/Core/Src/adc.c.obj
                0x20000250                hdma_adc1
 .bss.hspi1     0x20000294       0x58 CMakeFiles/Quadcopter_RemoteControl.dir/Core/Src/spi.c.obj
                0x20000294                hspi1
 .bss.huart1    0x200002ec       0x48 CMakeFiles/Quadcopter_RemoteControl.dir/Core/Src/usart.c.obj
                0x200002ec                huart1
 .bss.__sbrk_heap_end
                0x20000334        0x4 CMakeFiles/Quadcopter_RemoteControl.dir/Core/Src/sysmem.c.obj
 .bss.uwTick    0x20000338        0x4 cmake/stm32cubemx/CMakeFiles/STM32_Drivers.dir/__/__/Drivers/STM32F1xx_HAL_Driver/Src/stm32f1xx_hal.c.obj
                0x20000338                uwTick
 .bss.xQueueRegistry
                0x2000033c       0x40 cmake/stm32cubemx/CMakeFiles/FreeRTOS.dir/__/__/Middlewares/Third_Party/FreeRTOS/Source/queue.c.obj
                0x2000033c                xQueueRegistry
 .bss.pxCurrentTCB
                0x2000037c        0x4 cmake/stm32cubemx/CMakeFiles/FreeRTOS.dir/__/__/Middlewares/Third_Party/FreeRTOS/Source/tasks.c.obj
                0x2000037c                pxCurrentTCB
 .bss.pxReadyTasksLists
                0x20000380      0x460 cmake/stm32cubemx/CMakeFiles/FreeRTOS.dir/__/__/Middlewares/Third_Party/FreeRTOS/Source/tasks.c.obj
 .bss.xDelayedTaskList1
                0x200007e0       0x14 cmake/stm32cubemx/CMakeFiles/FreeRTOS.dir/__/__/Middlewares/Third_Party/FreeRTOS/Source/tasks.c.obj
 .bss.xDelayedTaskList2
                0x200007f4       0x14 cmake/stm32cubemx/CMakeFiles/FreeRTOS.dir/__/__/Middlewares/Third_Party/FreeRTOS/Source/tasks.c.obj
 .bss.pxDelayedTaskList
                0x20000808        0x4 cmake/stm32cubemx/CMakeFiles/FreeRTOS.dir/__/__/Middlewares/Third_Party/FreeRTOS/Source/tasks.c.obj
 .bss.pxOverflowDelayedTaskList
                0x2000080c        0x4 cmake/stm32cubemx/CMakeFiles/FreeRTOS.dir/__/__/Middlewares/Third_Party/FreeRTOS/Source/tasks.c.obj
 .bss.xPendingReadyList
                0x20000810       0x14 cmake/stm32cubemx/CMakeFiles/FreeRTOS.dir/__/__/Middlewares/Third_Party/FreeRTOS/Source/tasks.c.obj
 .bss.xTasksWaitingTermination
                0x20000824       0x14 cmake/stm32cubemx/CMakeFiles/FreeRTOS.dir/__/__/Middlewares/Third_Party/FreeRTOS/Source/tasks.c.obj
 .bss.uxDeletedTasksWaitingCleanUp
                0x20000838        0x4 cmake/stm32cubemx/CMakeFiles/FreeRTOS.dir/__/__/Middlewares/Third_Party/FreeRTOS/Source/tasks.c.obj
 .bss.xSuspendedTaskList
                0x2000083c       0x14 cmake/stm32cubemx/CMakeFiles/FreeRTOS.dir/__/__/Middlewares/Third_Party/FreeRTOS/Source/tasks.c.obj
 .bss.uxCurrentNumberOfTasks
                0x20000850        0x4 cmake/stm32cubemx/CMakeFiles/FreeRTOS.dir/__/__/Middlewares/Third_Party/FreeRTOS/Source/tasks.c.obj
 .bss.xTickCount
                0x20000854        0x4 cmake/stm32cubemx/CMakeFiles/FreeRTOS.dir/__/__/Middlewares/Third_Party/FreeRTOS/Source/tasks.c.obj
 .bss.uxTopReadyPriority
                0x20000858        0x4 cmake/stm32cubemx/CMakeFiles/FreeRTOS.dir/__/__/Middlewares/Third_Party/FreeRTOS/Source/tasks.c.obj
 .bss.xSchedulerRunning
                0x2000085c        0x4 cmake/stm32cubemx/CMakeFiles/FreeRTOS.dir/__/__/Middlewares/Third_Party/FreeRTOS/Source/tasks.c.obj
 .bss.xPendedTicks
                0x20000860        0x4 cmake/stm32cubemx/CMakeFiles/FreeRTOS.dir/__/__/Middlewares/Third_Party/FreeRTOS/Source/tasks.c.obj
 .bss.xYieldPending
                0x20000864        0x4 cmake/stm32cubemx/CMakeFiles/FreeRTOS.dir/__/__/Middlewares/Third_Party/FreeRTOS/Source/tasks.c.obj
 .bss.xNumOfOverflows
                0x20000868        0x4 cmake/stm32cubemx/CMakeFiles/FreeRTOS.dir/__/__/Middlewares/Third_Party/FreeRTOS/Source/tasks.c.obj
 .bss.uxTaskNumber
                0x2000086c        0x4 cmake/stm32cubemx/CMakeFiles/FreeRTOS.dir/__/__/Middlewares/Third_Party/FreeRTOS/Source/tasks.c.obj
 .bss.xNextTaskUnblockTime
                0x20000870        0x4 cmake/stm32cubemx/CMakeFiles/FreeRTOS.dir/__/__/Middlewares/Third_Party/FreeRTOS/Source/tasks.c.obj
 .bss.xIdleTaskHandle
                0x20000874        0x4 cmake/stm32cubemx/CMakeFiles/FreeRTOS.dir/__/__/Middlewares/Third_Party/FreeRTOS/Source/tasks.c.obj
 .bss.uxSchedulerSuspended
                0x20000878        0x4 cmake/stm32cubemx/CMakeFiles/FreeRTOS.dir/__/__/Middlewares/Third_Party/FreeRTOS/Source/tasks.c.obj
 .bss.xActiveTimerList1
                0x2000087c       0x14 cmake/stm32cubemx/CMakeFiles/FreeRTOS.dir/__/__/Middlewares/Third_Party/FreeRTOS/Source/timers.c.obj
 .bss.xActiveTimerList2
                0x20000890       0x14 cmake/stm32cubemx/CMakeFiles/FreeRTOS.dir/__/__/Middlewares/Third_Party/FreeRTOS/Source/timers.c.obj
 .bss.pxCurrentTimerList
                0x200008a4        0x4 cmake/stm32cubemx/CMakeFiles/FreeRTOS.dir/__/__/Middlewares/Third_Party/FreeRTOS/Source/timers.c.obj
 .bss.pxOverflowTimerList
                0x200008a8        0x4 cmake/stm32cubemx/CMakeFiles/FreeRTOS.dir/__/__/Middlewares/Third_Party/FreeRTOS/Source/timers.c.obj
 .bss.xTimerQueue
                0x200008ac        0x4 cmake/stm32cubemx/CMakeFiles/FreeRTOS.dir/__/__/Middlewares/Third_Party/FreeRTOS/Source/timers.c.obj
 .bss.xTimerTaskHandle
                0x200008b0        0x4 cmake/stm32cubemx/CMakeFiles/FreeRTOS.dir/__/__/Middlewares/Third_Party/FreeRTOS/Source/timers.c.obj
 .bss.xLastTime.2
                0x200008b4        0x4 cmake/stm32cubemx/CMakeFiles/FreeRTOS.dir/__/__/Middlewares/Third_Party/FreeRTOS/Source/timers.c.obj
 .bss.ucStaticTimerQueueStorage.1
                0x200008b8       0xa0 cmake/stm32cubemx/CMakeFiles/FreeRTOS.dir/__/__/Middlewares/Third_Party/FreeRTOS/Source/timers.c.obj
 .bss.xStaticTimerQueue.0
                0x20000958       0x50 cmake/stm32cubemx/CMakeFiles/FreeRTOS.dir/__/__/Middlewares/Third_Party/FreeRTOS/Source/timers.c.obj
 .bss.KernelState
                0x200009a8        0x4 cmake/stm32cubemx/CMakeFiles/FreeRTOS.dir/__/__/Middlewares/Third_Party/FreeRTOS/Source/CMSIS_RTOS_V2/cmsis_os2.c.obj
 .bss.Idle_TCB.3
                0x200009ac       0x5c cmake/stm32cubemx/CMakeFiles/FreeRTOS.dir/__/__/Middlewares/Third_Party/FreeRTOS/Source/CMSIS_RTOS_V2/cmsis_os2.c.obj
 .bss.Idle_Stack.2
                0x20000a08      0x200 cmake/stm32cubemx/CMakeFiles/FreeRTOS.dir/__/__/Middlewares/Third_Party/FreeRTOS/Source/CMSIS_RTOS_V2/cmsis_os2.c.obj
 .bss.Timer_TCB.1
                0x20000c08       0x5c cmake/stm32cubemx/CMakeFiles/FreeRTOS.dir/__/__/Middlewares/Third_Party/FreeRTOS/Source/CMSIS_RTOS_V2/cmsis_os2.c.obj
 .bss.Timer_Stack.0
                0x20000c64      0x400 cmake/stm32cubemx/CMakeFiles/FreeRTOS.dir/__/__/Middlewares/Third_Party/FreeRTOS/Source/CMSIS_RTOS_V2/cmsis_os2.c.obj
 .bss.ucHeap    0x20001064     0x3000 cmake/stm32cubemx/CMakeFiles/FreeRTOS.dir/__/__/Middlewares/Third_Party/FreeRTOS/Source/portable/MemMang/heap_4.c.obj
 .bss.xStart    0x20004064        0x8 cmake/stm32cubemx/CMakeFiles/FreeRTOS.dir/__/__/Middlewares/Third_Party/FreeRTOS/Source/portable/MemMang/heap_4.c.obj
 .bss.pxEnd     0x2000406c        0x4 cmake/stm32cubemx/CMakeFiles/FreeRTOS.dir/__/__/Middlewares/Third_Party/FreeRTOS/Source/portable/MemMang/heap_4.c.obj
 .bss.xFreeBytesRemaining
                0x20004070        0x4 cmake/stm32cubemx/CMakeFiles/FreeRTOS.dir/__/__/Middlewares/Third_Party/FreeRTOS/Source/portable/MemMang/heap_4.c.obj
 .bss.xMinimumEverFreeBytesRemaining
                0x20004074        0x4 cmake/stm32cubemx/CMakeFiles/FreeRTOS.dir/__/__/Middlewares/Third_Party/FreeRTOS/Source/portable/MemMang/heap_4.c.obj
 .bss.xNumberOfSuccessfulAllocations
                0x20004078        0x4 cmake/stm32cubemx/CMakeFiles/FreeRTOS.dir/__/__/Middlewares/Third_Party/FreeRTOS/Source/portable/MemMang/heap_4.c.obj
 .bss.xNumberOfSuccessfulFrees
                0x2000407c        0x4 cmake/stm32cubemx/CMakeFiles/FreeRTOS.dir/__/__/Middlewares/Third_Party/FreeRTOS/Source/portable/MemMang/heap_4.c.obj
 .bss.xBlockAllocatedBit
                0x20004080        0x4 cmake/stm32cubemx/CMakeFiles/FreeRTOS.dir/__/__/Middlewares/Third_Party/FreeRTOS/Source/portable/MemMang/heap_4.c.obj
 .bss.ucMaxSysCallPriority
                0x20004084        0x1 cmake/stm32cubemx/CMakeFiles/FreeRTOS.dir/__/__/Middlewares/Third_Party/FreeRTOS/Source/portable/GCC/ARM_CM3/port.c.obj
 *fill*         0x20004085        0x3 
 .bss.ulMaxPRIGROUPValue
                0x20004088        0x4 cmake/stm32cubemx/CMakeFiles/FreeRTOS.dir/__/__/Middlewares/Third_Party/FreeRTOS/Source/portable/GCC/ARM_CM3/port.c.obj
 *(COMMON)
                0x2000408c                        . = ALIGN (0x4)
                0x2000408c                        _ebss = .
                0x2000408c                        __bss_end__ = _ebss

._user_heap_stack
                0x2000408c      0xa04 load address 0x08008b8c
                0x20004090                        . = ALIGN (0x8)
 *fill*         0x2000408c        0x4 
                [!provide]                        PROVIDE (end = .)
                0x20004090                        PROVIDE (_end = .)
                0x20004290                        . = (. + _Min_Heap_Size)
 *fill*         0x20004090      0x200 
                0x20004a90                        . = (. + _Min_Stack_Size)
 *fill*         0x20004290      0x800 
                0x20004a90                        . = ALIGN (0x8)

/DISCARD/
 libc.a(*)
 libm.a(*)
 libgcc.a(*)
OUTPUT(Quadcopter_RemoteControl.elf elf32-littlearm)
LOAD linker stubs
LOAD /usr/lib/gcc/arm-none-eabi/13.2.1/../../../arm-none-eabi/lib/thumb/v7-m/nofp/libc.a
LOAD /usr/lib/gcc/arm-none-eabi/13.2.1/../../../arm-none-eabi/lib/thumb/v7-m/nofp/libm.a
LOAD /usr/lib/gcc/arm-none-eabi/13.2.1/thumb/v7-m/nofp/libgcc.a

.ARM.attributes
                0x00000000       0x29
 .ARM.attributes
                0x00000000       0x1d /usr/lib/gcc/arm-none-eabi/13.2.1/thumb/v7-m/nofp/crti.o
 .ARM.attributes
                0x0000001d       0x2d /usr/lib/gcc/arm-none-eabi/13.2.1/thumb/v7-m/nofp/crtbegin.o
 .ARM.attributes
                0x0000004a       0x2d /usr/lib/gcc/arm-none-eabi/13.2.1/../../../arm-none-eabi/lib/thumb/v7-m/nofp/libc_nano.a(libc_a-init.o)
 .ARM.attributes
                0x00000077       0x2d /usr/lib/gcc/arm-none-eabi/13.2.1/../../../arm-none-eabi/lib/thumb/v7-m/nofp/libc_nano.a(libc_a-memset.o)
 .ARM.attributes
                0x000000a4       0x2d /usr/lib/gcc/arm-none-eabi/13.2.1/../../../arm-none-eabi/lib/thumb/v7-m/nofp/libc_nano.a(libc_a-findfp.o)
 .ARM.attributes
                0x000000d1       0x2d /usr/lib/gcc/arm-none-eabi/13.2.1/../../../arm-none-eabi/lib/thumb/v7-m/nofp/libc_nano.a(libc_a-fflush.o)
 .ARM.attributes
                0x000000fe       0x2d /usr/lib/gcc/arm-none-eabi/13.2.1/../../../arm-none-eabi/lib/thumb/v7-m/nofp/libc_nano.a(libc_a-mallocr.o)
 .ARM.attributes
                0x0000012b       0x2d /usr/lib/gcc/arm-none-eabi/13.2.1/../../../arm-none-eabi/lib/thumb/v7-m/nofp/libc_nano.a(libc_a-freer.o)
 .ARM.attributes
                0x00000158       0x2d /usr/lib/gcc/arm-none-eabi/13.2.1/../../../arm-none-eabi/lib/thumb/v7-m/nofp/libc_nano.a(libc_a-fwalk.o)
 .ARM.attributes
                0x00000185       0x2d /usr/lib/gcc/arm-none-eabi/13.2.1/../../../arm-none-eabi/lib/thumb/v7-m/nofp/libc_nano.a(libc_a-mlock.o)
 .ARM.attributes
                0x000001b2       0x2d /usr/lib/gcc/arm-none-eabi/13.2.1/../../../arm-none-eabi/lib/thumb/v7-m/nofp/libc_nano.a(libc_a-sbrkr.o)
 .ARM.attributes
                0x000001df       0x2d /usr/lib/gcc/arm-none-eabi/13.2.1/../../../arm-none-eabi/lib/thumb/v7-m/nofp/libc_nano.a(libc_a-stdio.o)
 .ARM.attributes
                0x0000020c       0x2d /usr/lib/gcc/arm-none-eabi/13.2.1/../../../arm-none-eabi/lib/thumb/v7-m/nofp/libc_nano.a(libc_a-impure.o)
 .ARM.attributes
                0x00000239       0x2d /usr/lib/gcc/arm-none-eabi/13.2.1/../../../arm-none-eabi/lib/thumb/v7-m/nofp/libc_nano.a(libc_a-closer.o)
 .ARM.attributes
                0x00000266       0x2d /usr/lib/gcc/arm-none-eabi/13.2.1/../../../arm-none-eabi/lib/thumb/v7-m/nofp/libc_nano.a(libc_a-readr.o)
 .ARM.attributes
                0x00000293       0x2d /usr/lib/gcc/arm-none-eabi/13.2.1/../../../arm-none-eabi/lib/thumb/v7-m/nofp/libc_nano.a(libc_a-reent.o)
 .ARM.attributes
                0x000002c0       0x2d /usr/lib/gcc/arm-none-eabi/13.2.1/../../../arm-none-eabi/lib/thumb/v7-m/nofp/libc_nano.a(libc_a-lseekr.o)
 .ARM.attributes
                0x000002ed       0x2d /usr/lib/gcc/arm-none-eabi/13.2.1/../../../arm-none-eabi/lib/thumb/v7-m/nofp/libc_nano.a(libc_a-writer.o)
 .ARM.attributes
                0x0000031a       0x2d CMakeFiles/Quadcopter_RemoteControl.dir/Common/Src/Com_Config.c.obj
 .ARM.attributes
                0x00000347       0x2d CMakeFiles/Quadcopter_RemoteControl.dir/Common/Src/Com_Debug.c.obj
 .ARM.attributes
                0x00000374       0x2d CMakeFiles/Quadcopter_RemoteControl.dir/Inf/Src/Inf_IP5305T.c.obj
 .ARM.attributes
                0x000003a1       0x2d CMakeFiles/Quadcopter_RemoteControl.dir/Inf/Src/Inf_SI24R1.c.obj
 .ARM.attributes
                0x000003ce       0x2d CMakeFiles/Quadcopter_RemoteControl.dir/Inf/Src/Inf_JoyStick_Key.c.obj
 .ARM.attributes
                0x000003fb       0x2d CMakeFiles/Quadcopter_RemoteControl.dir/App/Src/App_Communication.c.obj
 .ARM.attributes
                0x00000428       0x2d CMakeFiles/Quadcopter_RemoteControl.dir/App/Src/App_DataProcess.c.obj
 .ARM.attributes
                0x00000455       0x2d CMakeFiles/Quadcopter_RemoteControl.dir/Core/Src/main.c.obj
 .ARM.attributes
                0x00000482       0x2d CMakeFiles/Quadcopter_RemoteControl.dir/Core/Src/gpio.c.obj
 .ARM.attributes
                0x000004af       0x2d CMakeFiles/Quadcopter_RemoteControl.dir/Core/Src/freertos.c.obj
 .ARM.attributes
                0x000004dc       0x2d CMakeFiles/Quadcopter_RemoteControl.dir/Core/Src/adc.c.obj
 .ARM.attributes
                0x00000509       0x2d CMakeFiles/Quadcopter_RemoteControl.dir/Core/Src/dma.c.obj
 .ARM.attributes
                0x00000536       0x2d CMakeFiles/Quadcopter_RemoteControl.dir/Core/Src/spi.c.obj
 .ARM.attributes
                0x00000563       0x2d CMakeFiles/Quadcopter_RemoteControl.dir/Core/Src/usart.c.obj
 .ARM.attributes
                0x00000590       0x2d CMakeFiles/Quadcopter_RemoteControl.dir/Core/Src/stm32f1xx_it.c.obj
 .ARM.attributes
                0x000005bd       0x2d CMakeFiles/Quadcopter_RemoteControl.dir/Core/Src/stm32f1xx_hal_msp.c.obj
 .ARM.attributes
                0x000005ea       0x2d CMakeFiles/Quadcopter_RemoteControl.dir/Core/Src/sysmem.c.obj
 .ARM.attributes
                0x00000617       0x2d CMakeFiles/Quadcopter_RemoteControl.dir/Core/Src/syscalls.c.obj
 .ARM.attributes
                0x00000644       0x21 CMakeFiles/Quadcopter_RemoteControl.dir/startup_stm32f103xb.s.obj
 .ARM.attributes
                0x00000665       0x2d cmake/stm32cubemx/CMakeFiles/STM32_Drivers.dir/__/__/Core/Src/system_stm32f1xx.c.obj
 .ARM.attributes
                0x00000692       0x2d cmake/stm32cubemx/CMakeFiles/STM32_Drivers.dir/__/__/Drivers/STM32F1xx_HAL_Driver/Src/stm32f1xx_hal_adc.c.obj
 .ARM.attributes
                0x000006bf       0x2d cmake/stm32cubemx/CMakeFiles/STM32_Drivers.dir/__/__/Drivers/STM32F1xx_HAL_Driver/Src/stm32f1xx_hal_adc_ex.c.obj
 .ARM.attributes
                0x000006ec       0x2d cmake/stm32cubemx/CMakeFiles/STM32_Drivers.dir/__/__/Drivers/STM32F1xx_HAL_Driver/Src/stm32f1xx_hal.c.obj
 .ARM.attributes
                0x00000719       0x2d cmake/stm32cubemx/CMakeFiles/STM32_Drivers.dir/__/__/Drivers/STM32F1xx_HAL_Driver/Src/stm32f1xx_hal_rcc.c.obj
 .ARM.attributes
                0x00000746       0x2d cmake/stm32cubemx/CMakeFiles/STM32_Drivers.dir/__/__/Drivers/STM32F1xx_HAL_Driver/Src/stm32f1xx_hal_rcc_ex.c.obj
 .ARM.attributes
                0x00000773       0x2d cmake/stm32cubemx/CMakeFiles/STM32_Drivers.dir/__/__/Drivers/STM32F1xx_HAL_Driver/Src/stm32f1xx_hal_gpio.c.obj
 .ARM.attributes
                0x000007a0       0x2d cmake/stm32cubemx/CMakeFiles/STM32_Drivers.dir/__/__/Drivers/STM32F1xx_HAL_Driver/Src/stm32f1xx_hal_dma.c.obj
 .ARM.attributes
                0x000007cd       0x2d cmake/stm32cubemx/CMakeFiles/STM32_Drivers.dir/__/__/Drivers/STM32F1xx_HAL_Driver/Src/stm32f1xx_hal_cortex.c.obj
 .ARM.attributes
                0x000007fa       0x2d cmake/stm32cubemx/CMakeFiles/STM32_Drivers.dir/__/__/Drivers/STM32F1xx_HAL_Driver/Src/stm32f1xx_hal_spi.c.obj
 .ARM.attributes
                0x00000827       0x2d cmake/stm32cubemx/CMakeFiles/STM32_Drivers.dir/__/__/Drivers/STM32F1xx_HAL_Driver/Src/stm32f1xx_hal_uart.c.obj
 .ARM.attributes
                0x00000854       0x2d cmake/stm32cubemx/CMakeFiles/FreeRTOS.dir/__/__/Middlewares/Third_Party/FreeRTOS/Source/list.c.obj
 .ARM.attributes
                0x00000881       0x2d cmake/stm32cubemx/CMakeFiles/FreeRTOS.dir/__/__/Middlewares/Third_Party/FreeRTOS/Source/queue.c.obj
 .ARM.attributes
                0x000008ae       0x2d cmake/stm32cubemx/CMakeFiles/FreeRTOS.dir/__/__/Middlewares/Third_Party/FreeRTOS/Source/tasks.c.obj
 .ARM.attributes
                0x000008db       0x2d cmake/stm32cubemx/CMakeFiles/FreeRTOS.dir/__/__/Middlewares/Third_Party/FreeRTOS/Source/timers.c.obj
 .ARM.attributes
                0x00000908       0x2d cmake/stm32cubemx/CMakeFiles/FreeRTOS.dir/__/__/Middlewares/Third_Party/FreeRTOS/Source/CMSIS_RTOS_V2/cmsis_os2.c.obj
 .ARM.attributes
                0x00000935       0x2d cmake/stm32cubemx/CMakeFiles/FreeRTOS.dir/__/__/Middlewares/Third_Party/FreeRTOS/Source/portable/MemMang/heap_4.c.obj
 .ARM.attributes
                0x00000962       0x2d cmake/stm32cubemx/CMakeFiles/FreeRTOS.dir/__/__/Middlewares/Third_Party/FreeRTOS/Source/portable/GCC/ARM_CM3/port.c.obj
 .ARM.attributes
                0x0000098f       0x2d /usr/lib/gcc/arm-none-eabi/13.2.1/../../../arm-none-eabi/lib/thumb/v7-m/nofp/libg_nano.a(libc_a-errno.o)
 .ARM.attributes
                0x000009bc       0x1b /usr/lib/gcc/arm-none-eabi/13.2.1/../../../arm-none-eabi/lib/thumb/v7-m/nofp/libg_nano.a(libc_a-memcpy.o)
 .ARM.attributes
                0x000009d7       0x2d /usr/lib/gcc/arm-none-eabi/13.2.1/../../../arm-none-eabi/lib/thumb/v7-m/nofp/libg_nano.a(libc_a-printf.o)
 .ARM.attributes
                0x00000a04       0x2d /usr/lib/gcc/arm-none-eabi/13.2.1/../../../arm-none-eabi/lib/thumb/v7-m/nofp/libg_nano.a(libc_a-nano-vfprintf.o)
 .ARM.attributes
                0x00000a31       0x2d /usr/lib/gcc/arm-none-eabi/13.2.1/../../../arm-none-eabi/lib/thumb/v7-m/nofp/libg_nano.a(libc_a-wbuf.o)
 .ARM.attributes
                0x00000a5e       0x2d /usr/lib/gcc/arm-none-eabi/13.2.1/../../../arm-none-eabi/lib/thumb/v7-m/nofp/libg_nano.a(libc_a-fvwrite.o)
 .ARM.attributes
                0x00000a8b       0x2d /usr/lib/gcc/arm-none-eabi/13.2.1/../../../arm-none-eabi/lib/thumb/v7-m/nofp/libg_nano.a(libc_a-memmove.o)
 .ARM.attributes
                0x00000ab8       0x2d /usr/lib/gcc/arm-none-eabi/13.2.1/../../../arm-none-eabi/lib/thumb/v7-m/nofp/libg_nano.a(libc_a-wsetup.o)
 .ARM.attributes
                0x00000ae5       0x2d /usr/lib/gcc/arm-none-eabi/13.2.1/../../../arm-none-eabi/lib/thumb/v7-m/nofp/libg_nano.a(libc_a-reallocr.o)
 .ARM.attributes
                0x00000b12       0x2d /usr/lib/gcc/arm-none-eabi/13.2.1/../../../arm-none-eabi/lib/thumb/v7-m/nofp/libg_nano.a(libc_a-nano-vfprintf_i.o)
 .ARM.attributes
                0x00000b3f       0x2d /usr/lib/gcc/arm-none-eabi/13.2.1/../../../arm-none-eabi/lib/thumb/v7-m/nofp/libg_nano.a(libc_a-makebuf.o)
 .ARM.attributes
                0x00000b6c       0x2d /usr/lib/gcc/arm-none-eabi/13.2.1/../../../arm-none-eabi/lib/thumb/v7-m/nofp/libg_nano.a(libc_a-memchr-stub.o)
 .ARM.attributes
                0x00000b99       0x2d /usr/lib/gcc/arm-none-eabi/13.2.1/../../../arm-none-eabi/lib/thumb/v7-m/nofp/libg_nano.a(libc_a-isattyr.o)
 .ARM.attributes
                0x00000bc6       0x2d /usr/lib/gcc/arm-none-eabi/13.2.1/../../../arm-none-eabi/lib/thumb/v7-m/nofp/libg_nano.a(libc_a-msizer.o)
 .ARM.attributes
                0x00000bf3       0x2d /usr/lib/gcc/arm-none-eabi/13.2.1/../../../arm-none-eabi/lib/thumb/v7-m/nofp/libg_nano.a(libc_a-fstatr.o)
 .ARM.attributes
                0x00000c20       0x2d /usr/lib/gcc/arm-none-eabi/13.2.1/thumb/v7-m/nofp/crtend.o
 .ARM.attributes
                0x00000c4d       0x1d /usr/lib/gcc/arm-none-eabi/13.2.1/thumb/v7-m/nofp/crtn.o

.comment        0x00000000       0x26
 .comment       0x00000000       0x26 /usr/lib/gcc/arm-none-eabi/13.2.1/thumb/v7-m/nofp/crtbegin.o
                                 0x27 (size before relaxing)
 .comment       0x00000026       0x27 /usr/lib/gcc/arm-none-eabi/13.2.1/../../../arm-none-eabi/lib/thumb/v7-m/nofp/libc_nano.a(libc_a-init.o)
 .comment       0x00000026       0x27 /usr/lib/gcc/arm-none-eabi/13.2.1/../../../arm-none-eabi/lib/thumb/v7-m/nofp/libc_nano.a(libc_a-memset.o)
 .comment       0x00000026       0x27 /usr/lib/gcc/arm-none-eabi/13.2.1/../../../arm-none-eabi/lib/thumb/v7-m/nofp/libc_nano.a(libc_a-findfp.o)
 .comment       0x00000026       0x27 /usr/lib/gcc/arm-none-eabi/13.2.1/../../../arm-none-eabi/lib/thumb/v7-m/nofp/libc_nano.a(libc_a-fflush.o)
 .comment       0x00000026       0x27 /usr/lib/gcc/arm-none-eabi/13.2.1/../../../arm-none-eabi/lib/thumb/v7-m/nofp/libc_nano.a(libc_a-mallocr.o)
 .comment       0x00000026       0x27 /usr/lib/gcc/arm-none-eabi/13.2.1/../../../arm-none-eabi/lib/thumb/v7-m/nofp/libc_nano.a(libc_a-freer.o)
 .comment       0x00000026       0x27 /usr/lib/gcc/arm-none-eabi/13.2.1/../../../arm-none-eabi/lib/thumb/v7-m/nofp/libc_nano.a(libc_a-fwalk.o)
 .comment       0x00000026       0x27 /usr/lib/gcc/arm-none-eabi/13.2.1/../../../arm-none-eabi/lib/thumb/v7-m/nofp/libc_nano.a(libc_a-mlock.o)
 .comment       0x00000026       0x27 /usr/lib/gcc/arm-none-eabi/13.2.1/../../../arm-none-eabi/lib/thumb/v7-m/nofp/libc_nano.a(libc_a-sbrkr.o)
 .comment       0x00000026       0x27 /usr/lib/gcc/arm-none-eabi/13.2.1/../../../arm-none-eabi/lib/thumb/v7-m/nofp/libc_nano.a(libc_a-stdio.o)
 .comment       0x00000026       0x27 /usr/lib/gcc/arm-none-eabi/13.2.1/../../../arm-none-eabi/lib/thumb/v7-m/nofp/libc_nano.a(libc_a-impure.o)
 .comment       0x00000026       0x27 /usr/lib/gcc/arm-none-eabi/13.2.1/../../../arm-none-eabi/lib/thumb/v7-m/nofp/libc_nano.a(libc_a-closer.o)
 .comment       0x00000026       0x27 /usr/lib/gcc/arm-none-eabi/13.2.1/../../../arm-none-eabi/lib/thumb/v7-m/nofp/libc_nano.a(libc_a-readr.o)
 .comment       0x00000026       0x27 /usr/lib/gcc/arm-none-eabi/13.2.1/../../../arm-none-eabi/lib/thumb/v7-m/nofp/libc_nano.a(libc_a-reent.o)
 .comment       0x00000026       0x27 /usr/lib/gcc/arm-none-eabi/13.2.1/../../../arm-none-eabi/lib/thumb/v7-m/nofp/libc_nano.a(libc_a-lseekr.o)
 .comment       0x00000026       0x27 /usr/lib/gcc/arm-none-eabi/13.2.1/../../../arm-none-eabi/lib/thumb/v7-m/nofp/libc_nano.a(libc_a-writer.o)
 .comment       0x00000026       0x27 CMakeFiles/Quadcopter_RemoteControl.dir/Common/Src/Com_Config.c.obj
 .comment       0x00000026       0x27 CMakeFiles/Quadcopter_RemoteControl.dir/Common/Src/Com_Debug.c.obj
 .comment       0x00000026       0x27 CMakeFiles/Quadcopter_RemoteControl.dir/Inf/Src/Inf_IP5305T.c.obj
 .comment       0x00000026       0x27 CMakeFiles/Quadcopter_RemoteControl.dir/Inf/Src/Inf_SI24R1.c.obj
 .comment       0x00000026       0x27 CMakeFiles/Quadcopter_RemoteControl.dir/Inf/Src/Inf_JoyStick_Key.c.obj
 .comment       0x00000026       0x27 CMakeFiles/Quadcopter_RemoteControl.dir/App/Src/App_Communication.c.obj
 .comment       0x00000026       0x27 CMakeFiles/Quadcopter_RemoteControl.dir/App/Src/App_DataProcess.c.obj
 .comment       0x00000026       0x27 CMakeFiles/Quadcopter_RemoteControl.dir/Core/Src/main.c.obj
 .comment       0x00000026       0x27 CMakeFiles/Quadcopter_RemoteControl.dir/Core/Src/gpio.c.obj
 .comment       0x00000026       0x27 CMakeFiles/Quadcopter_RemoteControl.dir/Core/Src/freertos.c.obj
 .comment       0x00000026       0x27 CMakeFiles/Quadcopter_RemoteControl.dir/Core/Src/adc.c.obj
 .comment       0x00000026       0x27 CMakeFiles/Quadcopter_RemoteControl.dir/Core/Src/dma.c.obj
 .comment       0x00000026       0x27 CMakeFiles/Quadcopter_RemoteControl.dir/Core/Src/spi.c.obj
 .comment       0x00000026       0x27 CMakeFiles/Quadcopter_RemoteControl.dir/Core/Src/usart.c.obj
 .comment       0x00000026       0x27 CMakeFiles/Quadcopter_RemoteControl.dir/Core/Src/stm32f1xx_it.c.obj
 .comment       0x00000026       0x27 CMakeFiles/Quadcopter_RemoteControl.dir/Core/Src/stm32f1xx_hal_msp.c.obj
 .comment       0x00000026       0x27 CMakeFiles/Quadcopter_RemoteControl.dir/Core/Src/sysmem.c.obj
 .comment       0x00000026       0x27 CMakeFiles/Quadcopter_RemoteControl.dir/Core/Src/syscalls.c.obj
 .comment       0x00000026       0x27 cmake/stm32cubemx/CMakeFiles/STM32_Drivers.dir/__/__/Core/Src/system_stm32f1xx.c.obj
 .comment       0x00000026       0x27 cmake/stm32cubemx/CMakeFiles/STM32_Drivers.dir/__/__/Drivers/STM32F1xx_HAL_Driver/Src/stm32f1xx_hal_adc.c.obj
 .comment       0x00000026       0x27 cmake/stm32cubemx/CMakeFiles/STM32_Drivers.dir/__/__/Drivers/STM32F1xx_HAL_Driver/Src/stm32f1xx_hal_adc_ex.c.obj
 .comment       0x00000026       0x27 cmake/stm32cubemx/CMakeFiles/STM32_Drivers.dir/__/__/Drivers/STM32F1xx_HAL_Driver/Src/stm32f1xx_hal.c.obj
 .comment       0x00000026       0x27 cmake/stm32cubemx/CMakeFiles/STM32_Drivers.dir/__/__/Drivers/STM32F1xx_HAL_Driver/Src/stm32f1xx_hal_rcc.c.obj
 .comment       0x00000026       0x27 cmake/stm32cubemx/CMakeFiles/STM32_Drivers.dir/__/__/Drivers/STM32F1xx_HAL_Driver/Src/stm32f1xx_hal_rcc_ex.c.obj
 .comment       0x00000026       0x27 cmake/stm32cubemx/CMakeFiles/STM32_Drivers.dir/__/__/Drivers/STM32F1xx_HAL_Driver/Src/stm32f1xx_hal_gpio.c.obj
 .comment       0x00000026       0x27 cmake/stm32cubemx/CMakeFiles/STM32_Drivers.dir/__/__/Drivers/STM32F1xx_HAL_Driver/Src/stm32f1xx_hal_dma.c.obj
 .comment       0x00000026       0x27 cmake/stm32cubemx/CMakeFiles/STM32_Drivers.dir/__/__/Drivers/STM32F1xx_HAL_Driver/Src/stm32f1xx_hal_cortex.c.obj
 .comment       0x00000026       0x27 cmake/stm32cubemx/CMakeFiles/STM32_Drivers.dir/__/__/Drivers/STM32F1xx_HAL_Driver/Src/stm32f1xx_hal_spi.c.obj
 .comment       0x00000026       0x27 cmake/stm32cubemx/CMakeFiles/STM32_Drivers.dir/__/__/Drivers/STM32F1xx_HAL_Driver/Src/stm32f1xx_hal_uart.c.obj
 .comment       0x00000026       0x27 cmake/stm32cubemx/CMakeFiles/FreeRTOS.dir/__/__/Middlewares/Third_Party/FreeRTOS/Source/list.c.obj
 .comment       0x00000026       0x27 cmake/stm32cubemx/CMakeFiles/FreeRTOS.dir/__/__/Middlewares/Third_Party/FreeRTOS/Source/queue.c.obj
 .comment       0x00000026       0x27 cmake/stm32cubemx/CMakeFiles/FreeRTOS.dir/__/__/Middlewares/Third_Party/FreeRTOS/Source/tasks.c.obj
 .comment       0x00000026       0x27 cmake/stm32cubemx/CMakeFiles/FreeRTOS.dir/__/__/Middlewares/Third_Party/FreeRTOS/Source/timers.c.obj
 .comment       0x00000026       0x27 cmake/stm32cubemx/CMakeFiles/FreeRTOS.dir/__/__/Middlewares/Third_Party/FreeRTOS/Source/CMSIS_RTOS_V2/cmsis_os2.c.obj
 .comment       0x00000026       0x27 cmake/stm32cubemx/CMakeFiles/FreeRTOS.dir/__/__/Middlewares/Third_Party/FreeRTOS/Source/portable/MemMang/heap_4.c.obj
 .comment       0x00000026       0x27 cmake/stm32cubemx/CMakeFiles/FreeRTOS.dir/__/__/Middlewares/Third_Party/FreeRTOS/Source/portable/GCC/ARM_CM3/port.c.obj
 .comment       0x00000026       0x27 /usr/lib/gcc/arm-none-eabi/13.2.1/../../../arm-none-eabi/lib/thumb/v7-m/nofp/libg_nano.a(libc_a-errno.o)
 .comment       0x00000026       0x27 /usr/lib/gcc/arm-none-eabi/13.2.1/../../../arm-none-eabi/lib/thumb/v7-m/nofp/libg_nano.a(libc_a-printf.o)
 .comment       0x00000026       0x27 /usr/lib/gcc/arm-none-eabi/13.2.1/../../../arm-none-eabi/lib/thumb/v7-m/nofp/libg_nano.a(libc_a-nano-vfprintf.o)
 .comment       0x00000026       0x27 /usr/lib/gcc/arm-none-eabi/13.2.1/../../../arm-none-eabi/lib/thumb/v7-m/nofp/libg_nano.a(libc_a-wbuf.o)
 .comment       0x00000026       0x27 /usr/lib/gcc/arm-none-eabi/13.2.1/../../../arm-none-eabi/lib/thumb/v7-m/nofp/libg_nano.a(libc_a-fvwrite.o)
 .comment       0x00000026       0x27 /usr/lib/gcc/arm-none-eabi/13.2.1/../../../arm-none-eabi/lib/thumb/v7-m/nofp/libg_nano.a(libc_a-memmove.o)
 .comment       0x00000026       0x27 /usr/lib/gcc/arm-none-eabi/13.2.1/../../../arm-none-eabi/lib/thumb/v7-m/nofp/libg_nano.a(libc_a-wsetup.o)
 .comment       0x00000026       0x27 /usr/lib/gcc/arm-none-eabi/13.2.1/../../../arm-none-eabi/lib/thumb/v7-m/nofp/libg_nano.a(libc_a-reallocr.o)
 .comment       0x00000026       0x27 /usr/lib/gcc/arm-none-eabi/13.2.1/../../../arm-none-eabi/lib/thumb/v7-m/nofp/libg_nano.a(libc_a-nano-vfprintf_i.o)
 .comment       0x00000026       0x27 /usr/lib/gcc/arm-none-eabi/13.2.1/../../../arm-none-eabi/lib/thumb/v7-m/nofp/libg_nano.a(libc_a-makebuf.o)
 .comment       0x00000026       0x27 /usr/lib/gcc/arm-none-eabi/13.2.1/../../../arm-none-eabi/lib/thumb/v7-m/nofp/libg_nano.a(libc_a-memchr-stub.o)