<html>
<body>
<pre>
<h1>µVision Build Log</h1>
<h2>Tool Versions:</h2>
IDE-Version: ¦ÌVision V5.40.0.0
Copyright (C) 2024 ARM Ltd and ARM Germany GmbH. All rights reserved.
License Information:  ,  , LIC=IC93N-Y03N4-9Z8WW-QCYD4-8ZHP9-X4WG2
 
Tool Versions:
Toolchain:       MDK-ARM Professional  Version: 5.40.0.3
Toolchain Path:  D:\Application\Keil_v5\ARM\ARM_Compiler_5.06u7\Bin
C Compiler:      Armcc.exe V5.06 update 7 (build 960)
Assembler:       Armasm.exe V5.06 update 7 (build 960)
Linker/Locator:  ArmLink.exe V5.06 update 7 (build 960)
Library Manager: ArmAr.exe V5.06 update 7 (build 960)
Hex Converter:   FromElf.exe V5.06 update 7 (build 960)
CPU DLL:         SARMCM3.DLL V5.40.0.3
Dialog DLL:      DCM.DLL V1.17.5.0
Target DLL:      STLink\ST-LINKIII-KEIL_SWO.dll V3.3.0.0
Dialog DLL:      TCM.DLL V1.56.4.0
 
<h2>Project:</h2>
d:\Workspace\STM32\FreeRTOS\Game_BreakTheBricks\MDK-ARM\Game_BreakTheBricks.uvprojx
Project File Date:  03/24/2025

<h2>Output:</h2>
*** Using Compiler 'V5.06 update 7 (build 960)', folder: 'D:\Application\Keil_v5\ARM\ARM_Compiler_5.06u7\Bin'
Rebuild target 'Game_BreakTheBricks'
assembling startup_stm32f103xb.s...
compiling resources.c...
compiling driver_timer.c...
compiling driver_oled_hardware.c...
..\Core\Src\driver_oled_hardware.c(77): warning:  #223-D: function "OLED_WriteNBytes" declared implicitly
          OLED_WriteNBytes(&buf[0], 128);
..\Core\Src\driver_oled_hardware.c: 1 warning, 0 errors
compiling OLED_Font.c...
compiling draw.c...
compiling driver_rotary_encoder.c...
compiling freertos.c...
compiling game.c...
compiling gpio.c...
compiling driver_ir_receiver.c...
..\Core\Src\driver_ir_receiver.c(32): warning:  #177-D: function "PutKeyToBuf"  was declared but never referenced
  static void PutKeyToBuf(unsigned char key){
..\Core\Src\driver_ir_receiver.c: 1 warning, 0 errors
compiling driver_buzzer.c...
..\Core\Src\driver_buzzer.c(44): warning:  #167-D: argument of type "void (*)(void)" is incompatible with parameter of type "TimerCallbackFunction_t"
      g_TimerSound = xTimerCreate("TimerSound", 200, pdFALSE, NULL, TimerSoundFunc);
..\Core\Src\driver_buzzer.c: 1 warning, 0 errors
compiling main.c...
compiling driver_mpu6050.c...
..\Core\Src\driver_mpu6050.c(74): warning:  #68-D: integer conversion resulted in a change of sign
          return -1;
..\Core\Src\driver_mpu6050.c(7): warning:  #177-D: variable "g_xEventGroupMPU6050"  was declared but never referenced
  static EventGroupHandle_t g_xEventGroupMPU6050 = NULL;
..\Core\Src\driver_mpu6050.c: 2 warnings, 0 errors
compiling tim.c...
compiling i2c.c...
compiling stm32f1xx_hal_timebase_tim.c...
compiling stm32f1xx_hal_msp.c...
compiling stm32f1xx_it.c...
compiling stm32f1xx_hal.c...
compiling stm32f1xx_hal_tim_ex.c...
compiling stm32f1xx_hal_cortex.c...
compiling stm32f1xx_hal_rcc.c...
compiling stm32f1xx_hal_gpio.c...
compiling stm32f1xx_hal_gpio_ex.c...
compiling stm32f1xx_hal_rcc_ex.c...
compiling stm32f1xx_hal_dma.c...
compiling croutine.c...
compiling queue.c...
compiling stm32f1xx_hal_tim.c...
compiling event_groups.c...
compiling list.c...
compiling timers.c...
compiling stm32f1xx_hal_pwr.c...
compiling stream_buffer.c...
compiling tasks.c...
compiling heap_4.c...
compiling stm32f1xx_hal_flash.c...
compiling stm32f1xx_hal_flash_ex.c...
compiling system_stm32f1xx.c...
compiling port.c...
compiling stm32f1xx_hal_exti.c...
compiling stm32f1xx_hal_i2c.c...
compiling cmsis_os2.c...
linking...
Program Size: Code=23906 RO-data=2402 RW-data=284 ZI-data=15340  
FromELF: creating hex file...
"Game_BreakTheBricks\Game_BreakTheBricks.axf" - 0 Error(s), 5 Warning(s).

<h2>Software Packages used:</h2>

Package Vendor: ARM
                https://www.keil.com/pack/ARM.CMSIS.6.1.0.pack
                ARM::CMSIS@6.1.0
                CMSIS (Common Microcontroller Software Interface Standard)
   * Component: CORE Version: 6.1.0

Package Vendor: Keil
                https://www.keil.com/pack/Keil.STM32F1xx_DFP.2.4.1.pack
                Keil::STM32F1xx_DFP@2.4.1
                STMicroelectronics STM32F1 Series Device Support, Drivers and Examples

<h2>Collection of Component include folders:</h2>
  ./RTE/_Game_BreakTheBricks
  D:/Application/Keil_v5/ARM/Packs/ARM/CMSIS/6.1.0/CMSIS/Core/Include
  D:/Application/Keil_v5/ARM/Packs/Keil/STM32F1xx_DFP/2.4.1/Device/Include

<h2>Collection of Component Files used:</h2>

   * Component: ARM::CMSIS:CORE@6.1.0
      Include file:  CMSIS/Core/Include/tz_context.h
Build Time Elapsed:  00:00:09
</pre>
</body>
</html>
